Microchip MPLAB XC8 Compiler V1.44 ()

Linker command line:

-W-3 --edf=C:\Program Files (x86)\Microchip\xc8\v1.44\dat\en_msgs.txt -cs \
  -h+dist/default/production\MULOC_8bit.X.production.sym \
  --cmf=dist/default/production\MULOC_8bit.X.production.cmf -z -Q18F4550 \
  -oC:\Users\Cardoz\AppData\Local\Temp\s3g8.2 \
  -Mdist/default/production/MULOC_8bit.X.production.map -E1 -ver=XC8 \
  -ASTACK=0D5h-07ffh -pstack=STACK -ACODE=00h-07FFFh -ACONST=00h-07FFFh \
  -ASMALLCONST=0800h-08FFhx120 -AMEDIUMCONST=0800h-07FFFh -ACOMRAM=01h-05Fh \
  -AABS1=00h-07FFh -ABIGRAM=01h-07FFh -ARAM=060h-0FFh,0100h-01FFhx7 \
  -ABANK0=060h-0FFh -ABANK1=0100h-01FFh -ABANK2=0200h-02FFh \
  -ABANK3=0300h-03FFh -ABANK4=0400h-04FFh -ABANK5=0500h-05FFh \
  -ABANK6=0600h-06FFh -ABANK7=0700h-07FFh -ASFR=0F60h-0FFFh \
  -preset_vec=00h,intcode=08h,intcodelo,powerup,init -pramtop=0800h \
  -psmallconst=SMALLCONST -pmediumconst=MEDIUMCONST -pconst=CONST \
  -AFARRAM=00h-00h -ACONFIG=0300000h-030000Dh -pconfig=CONFIG \
  -AIDLOC=0200000h-0200007h -pidloc=IDLOC -AEEDATA=0F00000h-0F000FFh \
  -peeprom_data=EEDATA \
  -prdata=COMRAM,nvrram=COMRAM,nvbit=COMRAM,rbss=COMRAM,rbit=COMRAM \
  -pfarbss=FARRAM,fardata=FARRAM,nvFARRAM=FARRAM \
  -pintsave_regs=BIGRAM,bigbss=BIGRAM,bigdata=BIGRAM -pbss=RAM \
  -pidata=CODE,irdata=CODE,ibigdata=CODE,ifardata=CODE -prparam=COMRAM \
  C:\Users\Cardoz\AppData\Local\Temp\s3g8.obj \
  dist/default/production\MULOC_8bit.X.production.obj 

Object code version is 3.11

Machine type is 18F4550

Call graph: (short form)




                Name                               Link     Load   Length Selector   Space Scale
C:\Users\Cardoz\AppData\Local\Temp\s3g8.obj
                init                                  E        E        4        4       0
                reset_vec                             0        0        4        0       0
                idloc                            200000   200000        8   200000       0
                config                           300000   300000        E   300000       0
dist/default/production\MULOC_8bit.X.production.obj
                intcode                               8        8        6        4       0
                temp                                 42       42        1        1       1
                smallconst                          800      800       10      400       0
                intcode_body                        C76      C76       C8      408       0
                text15                              D3E      D3E       A4      408       0
                text14                              FD4      FD4       16      408       0
                text13                              EE6      EE6       38      408       0
                text12                              810      810      2E0      408       0
                text11                              FBC      FBC       18      408       0
                text10                              F9E      F9E       1E      408       0
                text9                              1014     1014        C      408       0
                text8                               F50      F50       2A      408       0
                text7                               F7A      F7A       24      408       0
                text6                               F1E      F1E       32      408       0
                text5                               EAC      EAC       3A      408       0
                text4                              1008     1008        C      408       0
                text3                               FFA      FFA        E      408       0
                text2                               FEA      FEA       10      408       0
                text1                               DE2      DE2       80      408       0
                text0                               AF0      AF0      186      408       0
                cstackCOMRAM                          1        1       21        1       1
                cstackBANK0                          C4       C4       11       60       1
                bssBANK0                             60       60       64       60       1
                dataCOMRAM                           3D       3D        5        1       1
                bssCOMRAM                            22       22       1B        1       1
                cinit                               E62      E62       4A      408       0
                idataCOMRAM                        1020     1020        5      408       0

TOTAL           Name                               Link     Load   Length     Space
        CLASS   STACK          

        CLASS   CODE           
                intcode                               8        8        6         0
                init                                  E        E        4         0
                reset_vec                             0        0        4         0
                intcode_body                        C76      C76       C8         0
                text15                              D3E      D3E       A4         0
                text14                              FD4      FD4       16         0
                text13                              EE6      EE6       38         0
                text12                              810      810      2E0         0
                text11                              FBC      FBC       18         0
                text10                              F9E      F9E       1E         0
                text9                              1014     1014        C         0
                text8                               F50      F50       2A         0
                text7                               F7A      F7A       24         0
                text6                               F1E      F1E       32         0
                text5                               EAC      EAC       3A         0
                text4                              1008     1008        C         0
                text3                               FFA      FFA        E         0
                text2                               FEA      FEA       10         0
                text1                               DE2      DE2       80         0
                text0                               AF0      AF0      186         0
                cinit                               E62      E62       4A         0
                idataCOMRAM                        1020     1020        5         0

        CLASS   CONST          

        CLASS   SMALLCONST     
                smallconst                          800      800       10         0

        CLASS   MEDIUMCONST    

        CLASS   COMRAM         
                temp                                 42       42        1         1
                cstackCOMRAM                          1        1       21         1
                dataCOMRAM                           3D       3D        5         1
                bssCOMRAM                            22       22       1B         1

        CLASS   ABS1           

        CLASS   BIGRAM         

        CLASS   RAM            

        CLASS   BANK0          
                cstackBANK0                          C4       C4       11         1
                bssBANK0                             60       60       64         1

        CLASS   BANK1          

        CLASS   BANK2          

        CLASS   BANK3          

        CLASS   BANK4          

        CLASS   BANK5          

        CLASS   BANK6          

        CLASS   BANK7          

        CLASS   SFR            

        CLASS   FARRAM         

        CLASS   CONFIG         
                config                           300000   300000        E         0

        CLASS   IDLOC          
                idloc                            200000   200000        8         0

        CLASS   EEDATA         



SEGMENTS        Name                           Load    Length   Top    Selector   Space  Class

                reset_vec                      000000  000004  000004         0       0  CODE    
                cstackCOMRAM                   000001  000042  000043         1       1  COMRAM  
                intcode                        000008  00000A  000012         4       0  CODE    
                bssBANK0                       000060  000075  0000D5        60       1  BANK0   
                smallconst                     000800  000010  000810       400       0  SMALLCON
                text12                         000810  000815  001025       408       0  CODE    
                idloc                          200000  000008  200008    200000       0  IDLOC   
                config                         300000  00000E  30000E    300000       0  CONFIG  


UNUSED ADDRESS RANGES

        Name                Unused          Largest block    Delta
        BANK0            0000D5-0000FF               2B
        BANK1            000100-0001FF              100
        BANK2            000200-0002FF              100
        BANK3            000300-0003FF              100
        BANK4            000400-0004FF              100
        BANK5            000500-0005FF              100
        BANK6            000600-0006FF              100
        BANK7            000700-0007FF              100
        BIGRAM           000043-00005F               1D
                         0000D5-0007FF              72B
        CODE             000004-000007                4
                         000012-0007FF              7EE
                         001025-007FFF             6FDB
        COMRAM           000043-00005F               1D
        CONST            000004-000007                4
                         000012-0007FF              7EE
                         001025-007FFF             6FDB
        EEDATA           F00000-F000FF              100
        MEDIUMCONST      001025-007FFF             6FDB
        RAM              0000D5-0007FF              100
        SFR              000F60-000FFF               A0
        SMALLCONST       001025-007FFF              100
        STACK            0000D5-0007FF              72B

                                  Symbol Table

_ADCON1                             (abs)        000FC1
_CCP1CON                            (abs)        000FBD
_CCPR1L                             (abs)        000FBE
_CMCON                              (abs)        000FB4
_EEADR                              (abs)        000FA9
_EECON1bits                         (abs)        000FA6
_EECON2                             (abs)        000FA7
_EEDATA                             (abs)        000FA8
_INTCON2bits                        (abs)        000FF1
_INTCONbits                         (abs)        000FF2
_ISR                                intcode      000008
_LASTPASSCODE                       bssCOMRAM    000036
_LATAbits                           (abs)        000F89
_LATB                               (abs)        000F8A
_PIE1bits                           (abs)        000F9D
_PIR1bits                           (abs)        000F9E
_PORTB                              (abs)        000F81
_PR2                                (abs)        000FCB
_RBIF                               (abs)        007F90
_T1CONbits                          (abs)        000FCD
_T2CON                              (abs)        000FCA
_TMR1                               (abs)        000FCE
_TRISA3                             (abs)        007C93
_TRISAbits                          (abs)        000F92
_TRISB                              (abs)        000F93
__CFG_BOR$ON                        (abs)        000000
__CFG_BORV$3                        (abs)        000000
__CFG_CCP2MX$OFF                    (abs)        000000
__CFG_CP0$OFF                       (abs)        000000
__CFG_CP1$OFF                       (abs)        000000
__CFG_CP2$OFF                       (abs)        000000
__CFG_CP3$OFF                       (abs)        000000
__CFG_CPB$OFF                       (abs)        000000
__CFG_CPD$OFF                       (abs)        000000
__CFG_CPUDIV$OSC1_PLL2              (abs)        000000
__CFG_EBTR0$OFF                     (abs)        000000
__CFG_EBTR1$OFF                     (abs)        000000
__CFG_EBTR2$OFF                     (abs)        000000
__CFG_EBTR3$OFF                     (abs)        000000
__CFG_EBTRB$OFF                     (abs)        000000
__CFG_FCMEN$OFF                     (abs)        000000
__CFG_FOSC$INTOSCIO_EC              (abs)        000000
__CFG_ICPRT$OFF                     (abs)        000000
__CFG_IESO$OFF                      (abs)        000000
__CFG_LPT1OSC$OFF                   (abs)        000000
__CFG_LVP$OFF                       (abs)        000000
__CFG_MCLRE$ON                      (abs)        000000
__CFG_PBADEN$OFF                    (abs)        000000
__CFG_PLLDIV$1                      (abs)        000000
__CFG_PWRT$OFF                      (abs)        000000
__CFG_STVREN$ON                     (abs)        000000
__CFG_USBDIV$1                      (abs)        000000
__CFG_VREGEN$OFF                    (abs)        000000
__CFG_WDT$OFF                       (abs)        000000
__CFG_WDTPS$32768                   (abs)        000000
__CFG_WRT0$OFF                      (abs)        000000
__CFG_WRT1$OFF                      (abs)        000000
__CFG_WRT2$OFF                      (abs)        000000
__CFG_WRT3$OFF                      (abs)        000000
__CFG_WRTB$OFF                      (abs)        000000
__CFG_WRTC$OFF                      (abs)        000000
__CFG_WRTD$OFF                      (abs)        000000
__CFG_XINST$OFF                     (abs)        000000
__HRAM                              (abs)        000000
__Habs1                             abs1         000000
__Hbank0                            bank0        000000
__Hbank1                            bank1        000000
__Hbank2                            bank2        000000
__Hbank3                            bank3        000000
__Hbank4                            bank4        000000
__Hbank5                            bank5        000000
__Hbank6                            bank6        000000
__Hbank7                            bank7        000000
__Hbigbss                           bigbss       000000
__Hbigdata                          bigdata      000000
__Hbigram                           bigram       000000
__Hbss                              bss          000000
__HbssBANK0                         bssBANK0     000000
__HbssCOMRAM                        bssCOMRAM    000000
__Hcinit                            cinit        000000
__Hclrtext                          clrtext      000000
__Hcomram                           comram       000000
__Hconfig                           config       30000E
__Hconst                            const        000000
__HcstackBANK0                      cstackBANK0  000000
__HcstackCOMRAM                     cstackCOMRAM 000000
__Hdata                             data         000000
__HdataCOMRAM                       dataCOMRAM   000000
__Heeprom_data                      eeprom_data  000000
__Hfarbss                           farbss       000000
__Hfardata                          fardata      000000
__Hibigdata                         ibigdata     000000
__Hidata                            idata        000000
__HidataCOMRAM                      idataCOMRAM  000000
__Hidloc                            idloc        200008
__Hifardata                         ifardata     000000
__Hinit                             init         000012
__Hintcode                          intcode      00000E
__Hintcode_body                     intcode_body 000000
__Hintcodelo                        intcodelo    00000E
__Hintentry                         intentry     000000
__Hintret                           intret       000000
__Hintsave_regs                     intsave_regs 000000
__Hirdata                           irdata       000000
__Hmediumconst                      mediumconst  000000
__HnvFARRAM                         nvFARRAM     000000
__Hnvbit                            nvbit        000000
__Hnvrram                           nvrram       000000
__Hparam                            rparam       000000
__Hpowerup                          powerup      00000E
__Hram                              ram          000000
__Hramtop                           ramtop       000800
__Hrbit                             rbit         000000
__Hrbss                             rbss         000000
__Hrdata                            rdata        000000
__Hreset_vec                        reset_vec    000004
__Hrparam                           rparam       000000
__Hsfr                              sfr          000000
__Hsmallconst                       smallconst   000810
__Hspace_0                          (abs)        30000E
__Hspace_1                          (abs)        0000D5
__Hspace_2                          (abs)        000000
__Hstack                            stack        000000
__Hstruct                           struct       000000
__Htemp                             temp         000043
__Htext                             text         000000
__Htext0                            text0        000000
__Htext1                            text1        000000
__Htext10                           text10       000000
__Htext11                           text11       000000
__Htext12                           text12       000000
__Htext13                           text13       000000
__Htext14                           text14       000000
__Htext15                           text15       000000
__Htext2                            text2        000000
__Htext3                            text3        000000
__Htext4                            text4        000000
__Htext5                            text5        000000
__Htext6                            text6        000000
__Htext7                            text7        000000
__Htext8                            text8        000000
__Htext9                            text9        000000
__LRAM                              (abs)        000001
__Labs1                             abs1         000000
__Lbank0                            bank0        000000
__Lbank1                            bank1        000000
__Lbank2                            bank2        000000
__Lbank3                            bank3        000000
__Lbank4                            bank4        000000
__Lbank5                            bank5        000000
__Lbank6                            bank6        000000
__Lbank7                            bank7        000000
__Lbigbss                           bigbss       000000
__Lbigdata                          bigdata      000000
__Lbigram                           bigram       000000
__Lbss                              bss          000000
__LbssBANK0                         bssBANK0     000000
__LbssCOMRAM                        bssCOMRAM    000000
__Lcinit                            cinit        000000
__Lclrtext                          clrtext      000000
__Lcomram                           comram       000000
__Lconfig                           config       300000
__Lconst                            const        000000
__LcstackBANK0                      cstackBANK0  000000
__LcstackCOMRAM                     cstackCOMRAM 000000
__Ldata                             data         000000
__LdataCOMRAM                       dataCOMRAM   000000
__Leeprom_data                      eeprom_data  000000
__Lfarbss                           farbss       000000
__Lfardata                          fardata      000000
__Libigdata                         ibigdata     000000
__Lidata                            idata        000000
__LidataCOMRAM                      idataCOMRAM  000000
__Lidloc                            idloc        200000
__Lifardata                         ifardata     000000
__Linit                             init         00000E
__Lintcode                          intcode      000008
__Lintcode_body                     intcode_body 000000
__Lintcodelo                        intcodelo    00000E
__Lintentry                         intentry     000000
__Lintret                           intret       000000
__Lintsave_regs                     intsave_regs 000000
__Lirdata                           irdata       000000
__Lmediumconst                      mediumconst  000000
__LnvFARRAM                         nvFARRAM     000000
__Lnvbit                            nvbit        000000
__Lnvrram                           nvrram       000000
__Lparam                            rparam       000000
__Lpowerup                          powerup      00000E
__Lram                              ram          000000
__Lramtop                           ramtop       000800
__Lrbit                             rbit         000000
__Lrbss                             rbss         000000
__Lrdata                            rdata        000000
__Lreset_vec                        reset_vec    000000
__Lrparam                           rparam       000000
__Lsfr                              sfr          000000
__Lsmallconst                       smallconst   000800
__Lspace_0                          (abs)        000000
__Lspace_1                          (abs)        000000
__Lspace_2                          (abs)        000000
__Lstack                            stack        000000
__Lstruct                           struct       000000
__Ltemp                             temp         000042
__Ltext                             text         000000
__Ltext0                            text0        000000
__Ltext1                            text1        000000
__Ltext10                           text10       000000
__Ltext11                           text11       000000
__Ltext12                           text12       000000
__Ltext13                           text13       000000
__Ltext14                           text14       000000
__Ltext15                           text15       000000
__Ltext2                            text2        000000
__Ltext3                            text3        000000
__Ltext4                            text4        000000
__Ltext5                            text5        000000
__Ltext6                            text6        000000
__Ltext7                            text7        000000
__Ltext8                            text8        000000
__Ltext9                            text9        000000
__S0                                (abs)        30000E
__S1                                (abs)        0000D5
__S2                                (abs)        000000
___inthi_sp                         stack        000000
___intlo_sp                         stack        000000
___param_bank                       (abs)        000000
___rparam_used                      (abs)        000001
___sp                               stack        000000
__accesstop                         (abs)        000060
__activetblptr                      (abs)        000001
__end_of_ISR                        intcode_body 000D3E
__end_of__initialization            cinit        000E9A
__end_of_arr_to_num                 text15       000DE2
__end_of_beep                       text14       000FEA
__end_of_beep_ok                    text13       000F1E
__end_of_buttonPressedIndicator     text11       000FD4
__end_of_check_lock_num_validity    text10       000FBC
__end_of_check_password_presence    text8        000F7A
__end_of_clear_keyArray             text7        000F9E
__end_of_defaultPassCode            smallconst   00080A
__end_of_defaultPassCode2           smallconst   00080D
__end_of_defaultPassCode2Lenght     smallconst   00080E
__end_of_defaultPassCodeLenght      smallconst   00080F
__end_of_eepromWriteCode            text5        000EE6
__end_of_getKey                     text12       000AF0
__end_of_initControllerIO           text4        001014
__end_of_initKeypad                 text3        001008
__end_of_initStandbyTimer           text2        000FFA
__end_of_main                       text0        000C76
__end_of_passcodeCompare            text1        000E62
__end_of_readEEPROM                 text9        001020
__end_of_writeEEPROM                text6        000F50
__initialization                    cinit        000E62
__mediumconst                       mediumconst  000000
__pbssBANK0                         bssBANK0     000060
__pbssCOMRAM                        bssCOMRAM    000022
__pcinit                            cinit        000E62
__pcstackBANK0                      cstackBANK0  0000C4
__pcstackCOMRAM                     cstackCOMRAM 000001
__pdataCOMRAM                       dataCOMRAM   00003D
__pidataCOMRAM                      idataCOMRAM  001020
__pintcode                          intcode      000008
__pintcode_body                     intcode_body 000C76
__psmallconst                       smallconst   000800
__ptext0                            text0        000AF0
__ptext1                            text1        000DE2
__ptext10                           text10       000F9E
__ptext11                           text11       000FBC
__ptext12                           text12       000810
__ptext13                           text13       000EE6
__ptext14                           text14       000FD4
__ptext15                           text15       000D3E
__ptext2                            text2        000FEA
__ptext3                            text3        000FFA
__ptext4                            text4        001008
__ptext5                            text5        000EAC
__ptext6                            text6        000F1E
__ptext7                            text7        000F7A
__ptext8                            text8        000F50
__ptext9                            text9        001014
__ramtop                            ramtop       000800
__size_of_ISR                       (abs)        000000
__size_of_arr_to_num                (abs)        000000
__size_of_beep                      (abs)        000000
__size_of_beep_ok                   (abs)        000000
__size_of_buttonPressedIndicator    (abs)        000000
__size_of_check_lock_num_validity   (abs)        000000
__size_of_check_password_presence   (abs)        000000
__size_of_clear_keyArray            (abs)        000000
__size_of_eepromWriteCode           (abs)        000000
__size_of_getKey                    (abs)        000000
__size_of_initControllerIO          (abs)        000000
__size_of_initKeypad                (abs)        000000
__size_of_initStandbyTimer          (abs)        000000
__size_of_main                      (abs)        000000
__size_of_passcodeCompare           (abs)        000000
__size_of_readEEPROM                (abs)        000000
__size_of_writeEEPROM               (abs)        000000
__smallconst                        smallconst   000800
_arr_to_num                         text15       000D3E
_beep                               text14       000FD4
_beep_ok                            text13       000EE6
_bufferPtr                          bssCOMRAM    000037
_buttonPressedIndicator             text11       000FBC
_check_lock_num_validity            text10       000F9E
_check_password_presence            text8        000F50
_clear_keyArray                     text7        000F7A
_currentTimerState                  bssCOMRAM    000033
_defaultPassCode                    smallconst   000801
_defaultPassCode2                   smallconst   00080A
_defaultPassCode2Lenght             smallconst   00080D
_defaultPassCodeLenght              smallconst   00080E
_eepromCode                         bssCOMRAM    00002E
_eepromWriteCode                    text5        000EAC
_factoryResetCode                   dataCOMRAM   00003D
_factoryResetCodeLenght             dataCOMRAM   000041
_getKey                             text12       000810
_initControllerIO                   text4        001008
_initKeypad                         text3        000FFA
_initStandbyTimer                   text2        000FEA
_keyBuffer                          bssBANK0     000092
_keyPressCount                      bssCOMRAM    00003A
_main                               text0        000AF0
_passcodeCompare                    text1        000DE2
_readEEPROM                         text9        001014
_soundOut                           bssCOMRAM    000022
_soundStuff                         bssCOMRAM    000028
_systemStateReg                     bssCOMRAM    00003C
_systemStateReg2                    bssCOMRAM    00003B
_tempCodeBuffer                     bssBANK0     000079
_tempCodeKeyPressCount              bssCOMRAM    000035
_timer1OVFcount                     bssCOMRAM    000039
_timer2OVFcount                     bssCOMRAM    000030
_writeEEPROM                        text6        000F1E
_wrongCodeEnteredCount              bssCOMRAM    000038
arr_to_num@a                        cstackCOMRAM 000019
arr_to_num@arr                      cstackCOMRAM 000013
arr_to_num@num_of_elements          cstackCOMRAM 000015
arr_to_num@number                   cstackCOMRAM 000016
arr_to_num@validity                 cstackCOMRAM 00001A
btemp                               temp         000042
buttonPressedIndicator@keypad_state cstackCOMRAM 000017
check_lock_num_validity@lock_num    cstackCOMRAM 000014
check_lock_num_validity@validity    cstackCOMRAM 000013
check_password_presence@a           cstackCOMRAM 000014
check_password_presence@addr        cstackCOMRAM 000017
check_password_presence@lock_num    cstackCOMRAM 000015
check_password_presence@validity    cstackCOMRAM 000016
clear_keyArray@a                    cstackCOMRAM 000015
clear_keyArray@arr                  cstackCOMRAM 000013
eepromWriteCode@codeBuffer          cstackCOMRAM 000017
eepromWriteCode@codeLenght          cstackCOMRAM 000016
eepromWriteCode@eepromWriteAddr     cstackCOMRAM 000019
eepromWriteCode@i                   cstackCOMRAM 00001A
end_of_initialization               cinit        000E9A
getKey@KeypadStatus                 cstackCOMRAM 000013
getKey@buttonPressed                cstackCOMRAM 000016
int$flags                           temp         000042
int_func                            intcode_body 000C76
intlevel0                           text         000000
intlevel1                           text         000000
intlevel2                           text         000000
intlevel3                           text         000000
main@a                              cstackBANK0  0000C4
main@addr                           cstackBANK0  0000CF
main@currentKeypadStatus            cstackBANK0  0000D3
main@currentSystemState             cstackBANK0  0000D0
main@keypressArray                  cstackBANK0  0000C5
main@locker_num                     cstackBANK0  0000D2
main@numOfKeysPressed               cstackBANK0  0000D1
passcodeCompare@compareAddr         cstackCOMRAM 000017
passcodeCompare@compareLenght       cstackCOMRAM 000016
passcodeCompare@i                   cstackCOMRAM 000020
passcodeCompare@keybuffer1          cstackCOMRAM 000014
passcodeCompare@storedCodeLenght    cstackCOMRAM 00001F
passcodeCompare@validity            cstackCOMRAM 000021
readEEPROM@address                  cstackCOMRAM 000013
stackhi                             (abs)        0007FF
stacklo                             (abs)        0000D5
start                               init         00000E
start_initialization                cinit        000E62
writeEEPROM@address                 cstackCOMRAM 000014
writeEEPROM@datas                   cstackCOMRAM 000013
writeEEPROM@gie_Status              cstackCOMRAM 000015
wtemp6                              temp         000043


FUNCTION INFORMATION:

 *************** function _main *****************
 Defined at:
		line 320 in file "main.c"
 Parameters:    Size  Location     Type
		None
 Auto vars:     Size  Location     Type
  keypressArra   10    1[BANK0 ] unsigned char [10]
  currentKeypa    2   15[BANK0 ] struct .
  locker_num      1   14[BANK0 ] unsigned char 
  numOfKeysPre    1   13[BANK0 ] unsigned char 
  currentSyste    1   12[BANK0 ] enum E4103
  addr            1   11[BANK0 ] unsigned char 
  a               1    0[BANK0 ] unsigned char 
 Return value:  Size  Location     Type
                  2  283[None  ] int 
 Registers used:
		wreg, fsr2l, fsr2h, status,2, status,0, prodl, prodh, cstack
 Tracked objects:
		On entry : 
		On exit  : 
		Unchanged: 
 Data sizes:     COMRAM   BANK0   BANK1   BANK2   BANK3   BANK4   BANK5   BANK6   BANK7
      Params:         0       0       0       0       0       0       0       0       0
      Locals:         0      17       0       0       0       0       0       0       0
      Temps:          0       0       0       0       0       0       0       0       0
      Totals:         0      17       0       0       0       0       0       0       0
Total ram usage:       17 bytes
 Hardware stack levels required when called:    3
 This function calls:
		_arr_to_num
		_beep
		_beep_ok
		_buttonPressedIndicator
		_check_lock_num_validity
		_check_password_presence
		_clear_keyArray
		_eepromWriteCode
		_getKey
		_initControllerIO
		_initKeypad
		_initStandbyTimer
		_passcodeCompare
		_readEEPROM
		_writeEEPROM
 This function is called by:
		Startup code after reset
 This function uses a non-reentrant model


 *************** function _passcodeCompare *****************
 Defined at:
		line 675 in file "main.c"
 Parameters:    Size  Location     Type
  keybuffer1      2   19[COMRAM] PTR unsigned char 
		 -> main@keypressArray(10), 
  compareLengh    1   21[COMRAM] unsigned char 
  compareAddr     1   22[COMRAM] unsigned char 
 Auto vars:     Size  Location     Type
  i               1   31[COMRAM] unsigned char 
  validity        1   32[COMRAM] unsigned char 
  storedCodeLe    1   30[COMRAM] unsigned char 
 Return value:  Size  Location     Type
                  1    wreg      unsigned char 
 Registers used:
		wreg, fsr2l, fsr2h, status,2, status,0, cstack
 Tracked objects:
		On entry : 
		On exit  : 
		Unchanged: 
 Data sizes:     COMRAM   BANK0   BANK1   BANK2   BANK3   BANK4   BANK5   BANK6   BANK7
      Params:         4       0       0       0       0       0       0       0       0
      Locals:         3       0       0       0       0       0       0       0       0
      Temps:          7       0       0       0       0       0       0       0       0
      Totals:        14       0       0       0       0       0       0       0       0
Total ram usage:       14 bytes
 Hardware stack levels used:    1
 Hardware stack levels required when called:    2
 This function calls:
		_readEEPROM
 This function is called by:
		_main
 This function uses a non-reentrant model


 *************** function _initStandbyTimer *****************
 Defined at:
		line 96 in file "timer.c"
 Parameters:    Size  Location     Type
		None
 Auto vars:     Size  Location     Type
		None
 Return value:  Size  Location     Type
                  1    wreg      void 
 Registers used:
		wreg, status,2
 Tracked objects:
		On entry : 
		On exit  : 
		Unchanged: 
 Data sizes:     COMRAM   BANK0   BANK1   BANK2   BANK3   BANK4   BANK5   BANK6   BANK7
      Params:         0       0       0       0       0       0       0       0       0
      Locals:         0       0       0       0       0       0       0       0       0
      Temps:          0       0       0       0       0       0       0       0       0
      Totals:         0       0       0       0       0       0       0       0       0
Total ram usage:        0 bytes
 Hardware stack levels used:    1
 Hardware stack levels required when called:    1
 This function calls:
		Nothing
 This function is called by:
		_main
 This function uses a non-reentrant model


 *************** function _initKeypad *****************
 Defined at:
		line 14 in file "Keypad4X4.c"
 Parameters:    Size  Location     Type
		None
 Auto vars:     Size  Location     Type
		None
 Return value:  Size  Location     Type
                  1    wreg      void 
 Registers used:
		wreg, status,2
 Tracked objects:
		On entry : 
		On exit  : 
		Unchanged: 
 Data sizes:     COMRAM   BANK0   BANK1   BANK2   BANK3   BANK4   BANK5   BANK6   BANK7
      Params:         0       0       0       0       0       0       0       0       0
      Locals:         0       0       0       0       0       0       0       0       0
      Temps:          0       0       0       0       0       0       0       0       0
      Totals:         0       0       0       0       0       0       0       0       0
Total ram usage:        0 bytes
 Hardware stack levels used:    1
 Hardware stack levels required when called:    1
 This function calls:
		Nothing
 This function is called by:
		_main
 This function uses a non-reentrant model


 *************** function _initControllerIO *****************
 Defined at:
		line 251 in file "main.c"
 Parameters:    Size  Location     Type
		None
 Auto vars:     Size  Location     Type
		None
 Return value:  Size  Location     Type
                  1    wreg      void 
 Registers used:
		wreg, status,2
 Tracked objects:
		On entry : 
		On exit  : 
		Unchanged: 
 Data sizes:     COMRAM   BANK0   BANK1   BANK2   BANK3   BANK4   BANK5   BANK6   BANK7
      Params:         0       0       0       0       0       0       0       0       0
      Locals:         0       0       0       0       0       0       0       0       0
      Temps:          0       0       0       0       0       0       0       0       0
      Totals:         0       0       0       0       0       0       0       0       0
Total ram usage:        0 bytes
 Hardware stack levels used:    1
 Hardware stack levels required when called:    1
 This function calls:
		Nothing
 This function is called by:
		_main
 This function uses a non-reentrant model


 *************** function _eepromWriteCode *****************
 Defined at:
		line 8 in file "eeprom_functions.c"
 Parameters:    Size  Location     Type
  eepromWriteA    1    wreg     unsigned char 
  codeLenght      1   21[COMRAM] unsigned char 
  codeBuffer      2   22[COMRAM] PTR unsigned char 
		 -> main@keypressArray(10), 
 Auto vars:     Size  Location     Type
  eepromWriteA    1   24[COMRAM] unsigned char 
  i               1   25[COMRAM] unsigned char 
 Return value:  Size  Location     Type
                  1    wreg      void 
 Registers used:
		wreg, fsr2l, fsr2h, status,2, status,0, prodl, prodh, cstack
 Tracked objects:
		On entry : 
		On exit  : 
		Unchanged: 
 Data sizes:     COMRAM   BANK0   BANK1   BANK2   BANK3   BANK4   BANK5   BANK6   BANK7
      Params:         3       0       0       0       0       0       0       0       0
      Locals:         2       0       0       0       0       0       0       0       0
      Temps:          0       0       0       0       0       0       0       0       0
      Totals:         5       0       0       0       0       0       0       0       0
Total ram usage:        5 bytes
 Hardware stack levels used:    1
 Hardware stack levels required when called:    2
 This function calls:
		_writeEEPROM
 This function is called by:
		_main
 This function uses a non-reentrant model


 *************** function _writeEEPROM *****************
 Defined at:
		line 19 in file "eeprom_functions.c"
 Parameters:    Size  Location     Type
  address         1    wreg     unsigned char 
  datas           1   18[COMRAM] unsigned char 
 Auto vars:     Size  Location     Type
  address         1   19[COMRAM] unsigned char 
  gie_Status      1   20[COMRAM] unsigned char 
 Return value:  Size  Location     Type
                  1    wreg      void 
 Registers used:
		wreg, status,2
 Tracked objects:
		On entry : 
		On exit  : 
		Unchanged: 
 Data sizes:     COMRAM   BANK0   BANK1   BANK2   BANK3   BANK4   BANK5   BANK6   BANK7
      Params:         1       0       0       0       0       0       0       0       0
      Locals:         2       0       0       0       0       0       0       0       0
      Temps:          0       0       0       0       0       0       0       0       0
      Totals:         3       0       0       0       0       0       0       0       0
Total ram usage:        3 bytes
 Hardware stack levels used:    1
 Hardware stack levels required when called:    1
 This function calls:
		Nothing
 This function is called by:
		_eepromWriteCode
		_main
 This function uses a non-reentrant model


 *************** function _clear_keyArray *****************
 Defined at:
		line 314 in file "main.c"
 Parameters:    Size  Location     Type
  arr             2   18[COMRAM] PTR unsigned char 
		 -> main@keypressArray(10), 
 Auto vars:     Size  Location     Type
  a               1   20[COMRAM] unsigned char 
 Return value:  Size  Location     Type
                  1    wreg      void 
 Registers used:
		wreg, fsr2l, fsr2h, status,2, status,0, prodl, prodh
 Tracked objects:
		On entry : 
		On exit  : 
		Unchanged: 
 Data sizes:     COMRAM   BANK0   BANK1   BANK2   BANK3   BANK4   BANK5   BANK6   BANK7
      Params:         2       0       0       0       0       0       0       0       0
      Locals:         1       0       0       0       0       0       0       0       0
      Temps:          0       0       0       0       0       0       0       0       0
      Totals:         3       0       0       0       0       0       0       0       0
Total ram usage:        3 bytes
 Hardware stack levels used:    1
 Hardware stack levels required when called:    1
 This function calls:
		Nothing
 This function is called by:
		_main
 This function uses a non-reentrant model


 *************** function _check_password_presence *****************
 Defined at:
		line 129 in file "main.c"
 Parameters:    Size  Location     Type
  lock_num        1    wreg     unsigned char 
 Auto vars:     Size  Location     Type
  lock_num        1   20[COMRAM] unsigned char 
  addr            1   22[COMRAM] unsigned char 
  validity        1   21[COMRAM] unsigned char 
  a               1   19[COMRAM] unsigned char 
 Return value:  Size  Location     Type
                  1    wreg      unsigned char 
 Registers used:
		wreg, status,2, status,0, prodl, prodh, cstack
 Tracked objects:
		On entry : 
		On exit  : 
		Unchanged: 
 Data sizes:     COMRAM   BANK0   BANK1   BANK2   BANK3   BANK4   BANK5   BANK6   BANK7
      Params:         0       0       0       0       0       0       0       0       0
      Locals:         4       0       0       0       0       0       0       0       0
      Temps:          0       0       0       0       0       0       0       0       0
      Totals:         4       0       0       0       0       0       0       0       0
Total ram usage:        4 bytes
 Hardware stack levels used:    1
 Hardware stack levels required when called:    2
 This function calls:
		_readEEPROM
 This function is called by:
		_main
 This function uses a non-reentrant model


 *************** function _readEEPROM *****************
 Defined at:
		line 36 in file "eeprom_functions.c"
 Parameters:    Size  Location     Type
  address         1    wreg     unsigned char 
 Auto vars:     Size  Location     Type
  address         1   18[COMRAM] unsigned char 
 Return value:  Size  Location     Type
                  1    wreg      unsigned char 
 Registers used:
		wreg, status,2
 Tracked objects:
		On entry : 
		On exit  : 
		Unchanged: 
 Data sizes:     COMRAM   BANK0   BANK1   BANK2   BANK3   BANK4   BANK5   BANK6   BANK7
      Params:         0       0       0       0       0       0       0       0       0
      Locals:         1       0       0       0       0       0       0       0       0
      Temps:          0       0       0       0       0       0       0       0       0
      Totals:         1       0       0       0       0       0       0       0       0
Total ram usage:        1 bytes
 Hardware stack levels used:    1
 Hardware stack levels required when called:    1
 This function calls:
		Nothing
 This function is called by:
		_check_password_presence
		_main
		_passcodeCompare
 This function uses a non-reentrant model


 *************** function _check_lock_num_validity *****************
 Defined at:
		line 119 in file "main.c"
 Parameters:    Size  Location     Type
  lock_num        1    wreg     unsigned char 
 Auto vars:     Size  Location     Type
  lock_num        1   19[COMRAM] unsigned char 
  validity        1   18[COMRAM] unsigned char 
 Return value:  Size  Location     Type
                  1    wreg      unsigned char 
 Registers used:
		wreg, status,2, status,0
 Tracked objects:
		On entry : 
		On exit  : 
		Unchanged: 
 Data sizes:     COMRAM   BANK0   BANK1   BANK2   BANK3   BANK4   BANK5   BANK6   BANK7
      Params:         0       0       0       0       0       0       0       0       0
      Locals:         2       0       0       0       0       0       0       0       0
      Temps:          0       0       0       0       0       0       0       0       0
      Totals:         2       0       0       0       0       0       0       0       0
Total ram usage:        2 bytes
 Hardware stack levels used:    1
 Hardware stack levels required when called:    1
 This function calls:
		Nothing
 This function is called by:
		_main
 This function uses a non-reentrant model


 *************** function _buttonPressedIndicator *****************
 Defined at:
		line 200 in file "Keypad4X4.c"
 Parameters:    Size  Location     Type
		None
 Auto vars:     Size  Location     Type
  keypad_state    2   22[COMRAM] struct .
 Return value:  Size  Location     Type
                  1    wreg      unsigned char 
 Registers used:
		wreg, fsr2l, fsr2h, status,2, status,0, cstack
 Tracked objects:
		On entry : 
		On exit  : 
		Unchanged: 
 Data sizes:     COMRAM   BANK0   BANK1   BANK2   BANK3   BANK4   BANK5   BANK6   BANK7
      Params:         0       0       0       0       0       0       0       0       0
      Locals:         2       0       0       0       0       0       0       0       0
      Temps:          0       0       0       0       0       0       0       0       0
      Totals:         2       0       0       0       0       0       0       0       0
Total ram usage:        2 bytes
 Hardware stack levels used:    1
 Hardware stack levels required when called:    2
 This function calls:
		_getKey
 This function is called by:
		_main
 This function uses a non-reentrant model


 *************** function _getKey *****************
 Defined at:
		line 28 in file "Keypad4X4.c"
 Parameters:    Size  Location     Type
  KeypadStatus    2   18[COMRAM] PTR struct .
		 -> main@currentKeypadStatus(2), buttonPressedIndicator@keypad_state(2), 
 Auto vars:     Size  Location     Type
  buttonPresse    1   21[COMRAM] enum E3790
 Return value:  Size  Location     Type
                  1    wreg      void 
 Registers used:
		wreg, fsr2l, fsr2h, status,2, status,0
 Tracked objects:
		On entry : 
		On exit  : 
		Unchanged: 
 Data sizes:     COMRAM   BANK0   BANK1   BANK2   BANK3   BANK4   BANK5   BANK6   BANK7
      Params:         2       0       0       0       0       0       0       0       0
      Locals:         1       0       0       0       0       0       0       0       0
      Temps:          1       0       0       0       0       0       0       0       0
      Totals:         4       0       0       0       0       0       0       0       0
Total ram usage:        4 bytes
 Hardware stack levels used:    1
 Hardware stack levels required when called:    1
 This function calls:
		Nothing
 This function is called by:
		_buttonPressedIndicator
		_main
 This function uses a non-reentrant model


 *************** function _beep_ok *****************
 Defined at:
		line 265 in file "main.c"
 Parameters:    Size  Location     Type
		None
 Auto vars:     Size  Location     Type
		None
 Return value:  Size  Location     Type
                  1    wreg      void 
 Registers used:
		wreg
 Tracked objects:
		On entry : 
		On exit  : 
		Unchanged: 
 Data sizes:     COMRAM   BANK0   BANK1   BANK2   BANK3   BANK4   BANK5   BANK6   BANK7
      Params:         0       0       0       0       0       0       0       0       0
      Locals:         0       0       0       0       0       0       0       0       0
      Temps:          1       0       0       0       0       0       0       0       0
      Totals:         1       0       0       0       0       0       0       0       0
Total ram usage:        1 bytes
 Hardware stack levels used:    1
 Hardware stack levels required when called:    1
 This function calls:
		Nothing
 This function is called by:
		_main
 This function uses a non-reentrant model


 *************** function _beep *****************
 Defined at:
		line 258 in file "main.c"
 Parameters:    Size  Location     Type
		None
 Auto vars:     Size  Location     Type
		None
 Return value:  Size  Location     Type
                  1    wreg      void 
 Registers used:
		wreg
 Tracked objects:
		On entry : 
		On exit  : 
		Unchanged: 
 Data sizes:     COMRAM   BANK0   BANK1   BANK2   BANK3   BANK4   BANK5   BANK6   BANK7
      Params:         0       0       0       0       0       0       0       0       0
      Locals:         0       0       0       0       0       0       0       0       0
      Temps:          1       0       0       0       0       0       0       0       0
      Totals:         1       0       0       0       0       0       0       0       0
Total ram usage:        1 bytes
 Hardware stack levels used:    1
 Hardware stack levels required when called:    1
 This function calls:
		Nothing
 This function is called by:
		_main
 This function uses a non-reentrant model


 *************** function _arr_to_num *****************
 Defined at:
		line 100 in file "main.c"
 Parameters:    Size  Location     Type
  arr             2   18[COMRAM] PTR unsigned char 
		 -> main@keypressArray(10), 
  num_of_eleme    1   20[COMRAM] unsigned char 
  number          2   21[COMRAM] PTR unsigned char 
		 -> main@locker_num(1), 
 Auto vars:     Size  Location     Type
  a               1   24[COMRAM] unsigned char 
  validity        1   25[COMRAM] unsigned char 
 Return value:  Size  Location     Type
                  1    wreg      unsigned char 
 Registers used:
		wreg, fsr2l, fsr2h, status,2, status,0, prodl, prodh
 Tracked objects:
		On entry : 
		On exit  : 
		Unchanged: 
 Data sizes:     COMRAM   BANK0   BANK1   BANK2   BANK3   BANK4   BANK5   BANK6   BANK7
      Params:         5       0       0       0       0       0       0       0       0
      Locals:         2       0       0       0       0       0       0       0       0
      Temps:          1       0       0       0       0       0       0       0       0
      Totals:         8       0       0       0       0       0       0       0       0
Total ram usage:        8 bytes
 Hardware stack levels used:    1
 Hardware stack levels required when called:    1
 This function calls:
		Nothing
 This function is called by:
		_main
 This function uses a non-reentrant model


 *************** function _ISR *****************
 Defined at:
		line 141 in file "main.c"
 Parameters:    Size  Location     Type
		None
 Auto vars:     Size  Location     Type
		None
 Return value:  Size  Location     Type
                  1    wreg      void 
 Registers used:
		wreg, status,2, status,0
 Tracked objects:
		On entry : 
		On exit  : 
		Unchanged: 
 Data sizes:     COMRAM   BANK0   BANK1   BANK2   BANK3   BANK4   BANK5   BANK6   BANK7
      Params:         0       0       0       0       0       0       0       0       0
      Locals:         0       0       0       0       0       0       0       0       0
      Temps:         18       0       0       0       0       0       0       0       0
      Totals:        18       0       0       0       0       0       0       0       0
Total ram usage:       18 bytes
 Hardware stack levels used:    1
 This function calls:
		Nothing
 This function is called by:
		Interrupt level 2
 This function uses a non-reentrant model



MODULE INFORMATION

Module		Function		Class		Link	Load	Size
timer.c
		_initStandbyTimer		CODE           	0FEA	0000	17

timer.c estimated size: 17

Keypad4X4.c
		_buttonPressedIndicator		CODE           	0FBC	0000	25
		_getKey        		CODE           	0810	0000	737
		_initKeypad    		CODE           	0FFA	0000	15

Keypad4X4.c estimated size: 777

shared
		_defaultPassCode2Lenght		SMALLCONST     	080D	0000	2
		__initialization		CODE           	0E62	0000	57
		_defaultPassCode		SMALLCONST     	0801	0000	10
		_defaultPassCodeLenght		SMALLCONST     	080E	0000	2
		_defaultPassCode2		SMALLCONST     	080A	0000	4

shared estimated size: 75

eeprom_functions.c
		_readEEPROM    		CODE           	1014	0000	13
		_writeEEPROM   		CODE           	0F1E	0000	51
		_eepromWriteCode		CODE           	0EAC	0000	59

eeprom_functions.c estimated size: 123

main.c
		_arr_to_num    		CODE           	0D3E	0000	165
		_ISR           		CODE           	0008	0000	207
		_beep          		CODE           	0FD4	0000	23
		_main          		CODE           	0AF0	0000	391
		_clear_keyArray		CODE           	0F7A	0000	37
		_initControllerIO		CODE           	1008	0000	13
		_beep_ok       		CODE           	0EE6	0000	57
		_check_lock_num_validity		CODE           	0F9E	0000	31
		_passcodeCompare		CODE           	0DE2	0000	129
		_check_password_presence		CODE           	0F50	0000	43

main.c estimated size: 1096

