Microchip MPLAB XC8 Compiler V1.44 ()

Linker command line:

-W-3 --edf=C:\Program Files (x86)\Microchip\xc8\v1.44\dat\en_msgs.txt -cs \
  -h+dist/default/debug\MULOC_8bit.X.debug.sym \
  --cmf=dist/default/debug\MULOC_8bit.X.debug.cmf -z -Q18F4550 \
  -oC:\Users\Cardoz\AppData\Local\Temp\s8g4.2 \
  -Mdist/default/debug/MULOC_8bit.X.debug.map -E1 -ver=XC8 \
  -ASTACK=0400h-07ffh -pstack=STACK -ACODE=00h-07CFFh -ACONST=00h-07CFFh \
  -ASMALLCONST=0800h-08FFhx117 -AMEDIUMCONST=0800h-07CFFh -ACOMRAM=01h-05Fh \
  -AABS1=00h-03EEh,0400h-07FFh -ABIGRAM=01h-03EEh,0400h-07FFh \
  -ARAM=060h-0FFh,0100h-01FFhx2,0300h-03EEh,0400h-04FFhx4 -ABANK0=060h-0FFh \
  -ABANK1=0100h-01FFh -ABANK2=0200h-02FFh -ABANK3=0300h-03EEh \
  -ABANK4=0400h-04FFh -ABANK5=0500h-05FFh -ABANK6=0600h-06FFh \
  -ABANK7=0700h-07FFh \
  -ASFR=0F60h-0F9Bh,0F9Dh-0FD3h,0FD5h-0FDAh,0FE0h-0FE2h,0FE8h-0FEAh,0FF0h-0FFBh \
  -preset_vec=00h,intcode=08h,intcodelo,powerup,init -pramtop=0800h \
  -psmallconst=SMALLCONST -pmediumconst=MEDIUMCONST -pconst=CONST \
  -AFARRAM=00h-00h -ACONFIG=0300000h-030000Dh -pconfig=CONFIG \
  -AIDLOC=0200000h-0200007h -pidloc=IDLOC -AEEDATA=0F00000h-0F000FFh \
  -peeprom_data=EEDATA \
  -prdata=COMRAM,nvrram=COMRAM,nvbit=COMRAM,rbss=COMRAM,rbit=COMRAM \
  -pfarbss=FARRAM,fardata=FARRAM,nvFARRAM=FARRAM \
  -pintsave_regs=BIGRAM,bigbss=BIGRAM,bigdata=BIGRAM -pbss=RAM \
  -pidata=CODE,irdata=CODE,ibigdata=CODE,ifardata=CODE -prparam=COMRAM \
  C:\Users\Cardoz\AppData\Local\Temp\s8g4.obj \
  dist/default/debug\MULOC_8bit.X.debug.obj 

Object code version is 3.11

Machine type is 18F4550

Call graph: (short form)




                Name                               Link     Load   Length Selector   Space Scale
C:\Users\Cardoz\AppData\Local\Temp\s8g4.obj
                init                                  E        E        4        4       0
                reset_vec                             0        0        6        0       0
                idloc                            200000   200000        8   200000       0
                config                           300000   300000        E   300000       0
dist/default/debug\MULOC_8bit.X.debug.obj
                intcode                               8        8        6        4       0
                temp                                 46       46        1        1       1
                smallconst                          800      800       10      400       0
                text24                              E96      E96       C6      408       0
                text23                             10EA     10EA       66      408       0
                intcode_body                        CB0      CB0      120      408       0
                text21                              F5C      F5C       A4      408       0
                text20                             12DE     12DE       16      408       0
                text19                             1084     1084       66      408       0
                text18                             12A8     12A8       1E      408       0
                text17                             11D0     11D0       38      408       0
                text16                              810      810      2E0      408       0
                text15                             12C6     12C6       18      408       0
                text14                             128A     128A       1E      408       0
                text13                             1266     1266       24      408       0
                text12                             12F4     12F4       14      408       0
                text11                             1344     1344        6      408       0
                text10                             1208     1208       36      408       0
                text9                              1196     1196       3A      408       0
                text8                              123E     123E       28      408       0
                text7                              1326     1326        E      408       0
                text6                              1308     1308       10      408       0
                text5                               DD0      DD0       C6      408       0
                text4                              1318     1318        E      408       0
                text3                              1000     1000       84      408       0
                text2                              133C     133C        8      408       0
                text1                              1334     1334        8      408       0
                text0                               AF0      AF0      1C0      408       0
                cstackCOMRAM                         21       21       20        1       1
                cstackBANK0                          CA       CA       18       60       1
                bssBANK0                             60       60       6A       60       1
                dataCOMRAM                           41       41        5        1       1
                bssCOMRAM                             1        1       20        1       1
                cinit                              1150     1150       46      408       0
                idataCOMRAM                        134A     134A        5      408       0

TOTAL           Name                               Link     Load   Length     Space
        CLASS   STACK          

        CLASS   CODE           
                intcode                               8        8        6         0
                init                                  E        E        4         0
                reset_vec                             0        0        6         0
                text24                              E96      E96       C6         0
                text23                             10EA     10EA       66         0
                intcode_body                        CB0      CB0      120         0
                text21                              F5C      F5C       A4         0
                text20                             12DE     12DE       16         0
                text19                             1084     1084       66         0
                text18                             12A8     12A8       1E         0
                text17                             11D0     11D0       38         0
                text16                              810      810      2E0         0
                text15                             12C6     12C6       18         0
                text14                             128A     128A       1E         0
                text13                             1266     1266       24         0
                text12                             12F4     12F4       14         0
                text11                             1344     1344        6         0
                text10                             1208     1208       36         0
                text9                              1196     1196       3A         0
                text8                              123E     123E       28         0
                text7                              1326     1326        E         0
                text6                              1308     1308       10         0
                text5                               DD0      DD0       C6         0
                text4                              1318     1318        E         0
                text3                              1000     1000       84         0
                text2                              133C     133C        8         0
                text1                              1334     1334        8         0
                text0                               AF0      AF0      1C0         0
                cinit                              1150     1150       46         0
                idataCOMRAM                        134A     134A        5         0

        CLASS   CONST          

        CLASS   SMALLCONST     
                smallconst                          800      800       10         0

        CLASS   MEDIUMCONST    

        CLASS   COMRAM         
                temp                                 46       46        1         1
                cstackCOMRAM                         21       21       20         1
                dataCOMRAM                           41       41        5         1
                bssCOMRAM                             1        1       20         1

        CLASS   ABS1           

        CLASS   BIGRAM         

        CLASS   RAM            

        CLASS   BANK0          
                cstackBANK0                          CA       CA       18         1
                bssBANK0                             60       60       6A         1

        CLASS   BANK1          

        CLASS   BANK2          

        CLASS   BANK3          

        CLASS   BANK4          

        CLASS   BANK5          

        CLASS   BANK6          

        CLASS   BANK7          

        CLASS   SFR            

        CLASS   FARRAM         

        CLASS   CONFIG         
                config                           300000   300000        E         0

        CLASS   IDLOC          
                idloc                            200000   200000        8         0

        CLASS   EEDATA         



SEGMENTS        Name                           Load    Length   Top    Selector   Space  Class

                reset_vec                      000000  000006  000006         0       0  CODE    
                bssCOMRAM                      000001  000046  000047         1       1  COMRAM  
                intcode                        000008  00000A  000012         4       0  CODE    
                bssBANK0                       000060  000082  0000E2        60       1  BANK0   
                smallconst                     000800  000010  000810       400       0  SMALLCON
                text16                         000810  000B3F  00134F       408       0  CODE    
                idloc                          200000  000008  200008    200000       0  IDLOC   
                config                         300000  00000E  30000E    300000       0  CONFIG  


UNUSED ADDRESS RANGES

        Name                Unused          Largest block    Delta
        BANK0            0000E2-0000FF               1E
        BANK1            000100-0001FF              100
        BANK2            000200-0002FF              100
        BANK3            000300-0003EE               EF
        BANK4            000400-0004FF              100
        BANK5            000500-0005FF              100
        BANK6            000600-0006FF              100
        BANK7            000700-0007FF              100
        BIGRAM           000047-00005F               19
                         0000E2-0003EE              30D
                         000400-0007FF              400
        CODE             000006-000007                2
                         000012-0007FF              7EE
                         00134F-007CFF             69B1
        COMRAM           000047-00005F               19
        CONST            000006-000007                2
                         000012-0007FF              7EE
                         00134F-007CFF             69B1
        EEDATA           F00000-F000FF              100
        MEDIUMCONST      00134F-007CFF             69B1
        RAM              0000E2-0003EE              100
                         000400-0007FF              100
        SFR              000F60-000F9B               3C
                         000F9D-000FD3               37
                         000FD5-000FDA                6
                         000FE0-000FE2                3
                         000FE8-000FEA                3
                         000FF0-000FFB                C
        SMALLCONST       00134F-007CFF              100
        STACK            000400-0007FF              400

                                  Symbol Table

ISR@i                               cstackCOMRAM 000037
_ADCON1                             (abs)        000FC1
_CCP1CON                            (abs)        000FBD
_CCPR1L                             (abs)        000FBE
_CMCON                              (abs)        000FB4
_EEADR                              (abs)        000FA9
_EECON1bits                         (abs)        000FA6
_EECON2                             (abs)        000FA7
_EEDATA                             (abs)        000FA8
_INTCON2bits                        (abs)        000FF1
_INTCONbits                         (abs)        000FF2
_ISR                                intcode      000008
_LASTPASSCODE                       bssCOMRAM    00001A
_LATAbits                           (abs)        000F89
_LATB                               (abs)        000F8A
_LATC                               (abs)        000F8B
_LATCbits                           (abs)        000F8B
_LATD                               (abs)        000F8C
_LATDbits                           (abs)        000F8C
_LATE                               (abs)        000F8D
_LATEbits                           (abs)        000F8D
_PIE1bits                           (abs)        000F9D
_PIR1bits                           (abs)        000F9E
_PORTB                              (abs)        000F81
_PR2                                (abs)        000FCB
_RBIF                               (abs)        007F90
_T0CONbits                          (abs)        000FD5
_T1CONbits                          (abs)        000FCD
_T2CON                              (abs)        000FCA
_TMR0                               (abs)        000FD6
_TMR1                               (abs)        000FCE
_TRISA                              (abs)        000F92
_TRISA3                             (abs)        007C93
_TRISAbits                          (abs)        000F92
_TRISB                              (abs)        000F93
_TRISC                              (abs)        000F94
_TRISD                              (abs)        000F95
_TRISE                              (abs)        000F96
__CFG_BOR$ON                        (abs)        000000
__CFG_BORV$3                        (abs)        000000
__CFG_CCP2MX$OFF                    (abs)        000000
__CFG_CP0$OFF                       (abs)        000000
__CFG_CP1$OFF                       (abs)        000000
__CFG_CP2$OFF                       (abs)        000000
__CFG_CP3$OFF                       (abs)        000000
__CFG_CPB$OFF                       (abs)        000000
__CFG_CPD$OFF                       (abs)        000000
__CFG_CPUDIV$OSC1_PLL2              (abs)        000000
__CFG_EBTR0$OFF                     (abs)        000000
__CFG_EBTR1$OFF                     (abs)        000000
__CFG_EBTR2$OFF                     (abs)        000000
__CFG_EBTR3$OFF                     (abs)        000000
__CFG_EBTRB$OFF                     (abs)        000000
__CFG_FCMEN$OFF                     (abs)        000000
__CFG_FOSC$INTOSCIO_EC              (abs)        000000
__CFG_ICPRT$OFF                     (abs)        000000
__CFG_IESO$OFF                      (abs)        000000
__CFG_LPT1OSC$OFF                   (abs)        000000
__CFG_LVP$OFF                       (abs)        000000
__CFG_MCLRE$ON                      (abs)        000000
__CFG_PBADEN$OFF                    (abs)        000000
__CFG_PLLDIV$1                      (abs)        000000
__CFG_PWRT$OFF                      (abs)        000000
__CFG_STVREN$ON                     (abs)        000000
__CFG_USBDIV$1                      (abs)        000000
__CFG_VREGEN$OFF                    (abs)        000000
__CFG_WDT$OFF                       (abs)        000000
__CFG_WDTPS$32768                   (abs)        000000
__CFG_WRT0$OFF                      (abs)        000000
__CFG_WRT1$OFF                      (abs)        000000
__CFG_WRT2$OFF                      (abs)        000000
__CFG_WRT3$OFF                      (abs)        000000
__CFG_WRTB$OFF                      (abs)        000000
__CFG_WRTC$OFF                      (abs)        000000
__CFG_WRTD$OFF                      (abs)        000000
__CFG_XINST$OFF                     (abs)        000000
__HRAM                              (abs)        000000
__Habs1                             abs1         000000
__Hbank0                            bank0        000000
__Hbank1                            bank1        000000
__Hbank2                            bank2        000000
__Hbank3                            bank3        000000
__Hbank4                            bank4        000000
__Hbank5                            bank5        000000
__Hbank6                            bank6        000000
__Hbank7                            bank7        000000
__Hbigbss                           bigbss       000000
__Hbigdata                          bigdata      000000
__Hbigram                           bigram       000000
__Hbss                              bss          000000
__HbssBANK0                         bssBANK0     000000
__HbssCOMRAM                        bssCOMRAM    000000
__Hcinit                            cinit        000000
__Hclrtext                          clrtext      000000
__Hcomram                           comram       000000
__Hconfig                           config       30000E
__Hconst                            const        000000
__HcstackBANK0                      cstackBANK0  000000
__HcstackCOMRAM                     cstackCOMRAM 000000
__Hdata                             data         000000
__HdataCOMRAM                       dataCOMRAM   000000
__Heeprom_data                      eeprom_data  000000
__Hfarbss                           farbss       000000
__Hfardata                          fardata      000000
__Hibigdata                         ibigdata     000000
__Hidata                            idata        000000
__HidataCOMRAM                      idataCOMRAM  000000
__Hidloc                            idloc        200008
__Hifardata                         ifardata     000000
__Hinit                             init         000012
__Hintcode                          intcode      00000E
__Hintcode_body                     intcode_body 000000
__Hintcodelo                        intcodelo    00000E
__Hintentry                         intentry     000000
__Hintret                           intret       000000
__Hintsave_regs                     intsave_regs 000000
__Hirdata                           irdata       000000
__Hmediumconst                      mediumconst  000000
__HnvFARRAM                         nvFARRAM     000000
__Hnvbit                            nvbit        000000
__Hnvrram                           nvrram       000000
__Hparam                            rparam       000000
__Hpowerup                          powerup      00000E
__Hram                              ram          000000
__Hramtop                           ramtop       000800
__Hrbit                             rbit         000000
__Hrbss                             rbss         000000
__Hrdata                            rdata        000000
__Hreset_vec                        reset_vec    000006
__Hrparam                           rparam       000000
__Hsfr                              sfr          000000
__Hsmallconst                       smallconst   000810
__Hspace_0                          (abs)        30000E
__Hspace_1                          (abs)        0000E2
__Hspace_2                          (abs)        000000
__Hstack                            stack        000000
__Hstruct                           struct       000000
__Htemp                             temp         000047
__Htext                             text         000000
__Htext0                            text0        000000
__Htext1                            text1        000000
__Htext10                           text10       000000
__Htext11                           text11       000000
__Htext12                           text12       000000
__Htext13                           text13       000000
__Htext14                           text14       000000
__Htext15                           text15       000000
__Htext16                           text16       000000
__Htext17                           text17       000000
__Htext18                           text18       000000
__Htext19                           text19       000000
__Htext2                            text2        000000
__Htext20                           text20       000000
__Htext21                           text21       000000
__Htext23                           text23       000000
__Htext24                           text24       000000
__Htext3                            text3        000000
__Htext4                            text4        000000
__Htext5                            text5        000000
__Htext6                            text6        000000
__Htext7                            text7        000000
__Htext8                            text8        000000
__Htext9                            text9        000000
__LRAM                              (abs)        000001
__Labs1                             abs1         000000
__Lbank0                            bank0        000000
__Lbank1                            bank1        000000
__Lbank2                            bank2        000000
__Lbank3                            bank3        000000
__Lbank4                            bank4        000000
__Lbank5                            bank5        000000
__Lbank6                            bank6        000000
__Lbank7                            bank7        000000
__Lbigbss                           bigbss       000000
__Lbigdata                          bigdata      000000
__Lbigram                           bigram       000000
__Lbss                              bss          000000
__LbssBANK0                         bssBANK0     000000
__LbssCOMRAM                        bssCOMRAM    000000
__Lcinit                            cinit        000000
__Lclrtext                          clrtext      000000
__Lcomram                           comram       000000
__Lconfig                           config       300000
__Lconst                            const        000000
__LcstackBANK0                      cstackBANK0  000000
__LcstackCOMRAM                     cstackCOMRAM 000000
__Ldata                             data         000000
__LdataCOMRAM                       dataCOMRAM   000000
__Leeprom_data                      eeprom_data  000000
__Lfarbss                           farbss       000000
__Lfardata                          fardata      000000
__Libigdata                         ibigdata     000000
__Lidata                            idata        000000
__LidataCOMRAM                      idataCOMRAM  000000
__Lidloc                            idloc        200000
__Lifardata                         ifardata     000000
__Linit                             init         00000E
__Lintcode                          intcode      000008
__Lintcode_body                     intcode_body 000000
__Lintcodelo                        intcodelo    00000E
__Lintentry                         intentry     000000
__Lintret                           intret       000000
__Lintsave_regs                     intsave_regs 000000
__Lirdata                           irdata       000000
__Lmediumconst                      mediumconst  000000
__LnvFARRAM                         nvFARRAM     000000
__Lnvbit                            nvbit        000000
__Lnvrram                           nvrram       000000
__Lparam                            rparam       000000
__Lpowerup                          powerup      00000E
__Lram                              ram          000000
__Lramtop                           ramtop       000800
__Lrbit                             rbit         000000
__Lrbss                             rbss         000000
__Lrdata                            rdata        000000
__Lreset_vec                        reset_vec    000000
__Lrparam                           rparam       000000
__Lsfr                              sfr          000000
__Lsmallconst                       smallconst   000800
__Lspace_0                          (abs)        000000
__Lspace_1                          (abs)        000000
__Lspace_2                          (abs)        000000
__Lstack                            stack        000000
__Lstruct                           struct       000000
__Ltemp                             temp         000046
__Ltext                             text         000000
__Ltext0                            text0        000000
__Ltext1                            text1        000000
__Ltext10                           text10       000000
__Ltext11                           text11       000000
__Ltext12                           text12       000000
__Ltext13                           text13       000000
__Ltext14                           text14       000000
__Ltext15                           text15       000000
__Ltext16                           text16       000000
__Ltext17                           text17       000000
__Ltext18                           text18       000000
__Ltext19                           text19       000000
__Ltext2                            text2        000000
__Ltext20                           text20       000000
__Ltext21                           text21       000000
__Ltext23                           text23       000000
__Ltext24                           text24       000000
__Ltext3                            text3        000000
__Ltext4                            text4        000000
__Ltext5                            text5        000000
__Ltext6                            text6        000000
__Ltext7                            text7        000000
__Ltext8                            text8        000000
__Ltext9                            text9        000000
__S0                                (abs)        30000E
__S1                                (abs)        0000E2
__S2                                (abs)        000000
___inthi_sp                         stack        000000
___intlo_sp                         stack        000000
___param_bank                       (abs)        000000
___rparam_used                      (abs)        000001
___sp                               stack        000000
__accesstop                         (abs)        000060
__activetblptr                      (abs)        000002
__end_of_ISR                        intcode_body 000DD0
__end_of__initialization            cinit        001188
__end_of_arr_to_num                 text21       001000
__end_of_beep                       text20       0012F4
__end_of_beep_error                 text19       0010EA
__end_of_beep_long                  text18       0012C6
__end_of_beep_ok                    text17       001208
__end_of_buttonPressedIndicator     text15       0012DE
__end_of_check_lock_num_validity    text14       0012A8
__end_of_clear_keyArray             text13       00128A
__end_of_close_lock                 text24       000F5C
__end_of_configure_door_timer       text11       00134A
__end_of_defaultPassCode            smallconst   00080A
__end_of_defaultPassCode2           smallconst   00080D
__end_of_defaultPassCode2Lenght     smallconst   00080E
__end_of_defaultPassCodeLenght      smallconst   00080F
__end_of_eepromWriteCode            text9        0011D0
__end_of_getKey                     text16       000AF0
__end_of_initControllerIO           text8        001266
__end_of_initKeypad                 text7        001334
__end_of_initStandbyTimer           text6        001318
__end_of_main                       text0        000CB0
__end_of_open_lock                  text5        000E96
__end_of_passcodeCompare            text3        001084
__end_of_readEEPROM                 text4        001326
__end_of_setup_timer0               text12       001308
__end_of_start_door_timer           text1        00133C
__end_of_state_timer0               text2        001344
__end_of_writeEEPROM                text10       00123E
__end_ofi2_beep_error               text23       001150
__initialization                    cinit        001150
__mediumconst                       mediumconst  000000
__pbssBANK0                         bssBANK0     000060
__pbssCOMRAM                        bssCOMRAM    000001
__pcinit                            cinit        001150
__pcstackBANK0                      cstackBANK0  0000CA
__pcstackCOMRAM                     cstackCOMRAM 000021
__pdataCOMRAM                       dataCOMRAM   000041
__pidataCOMRAM                      idataCOMRAM  00134A
__pintcode                          intcode      000008
__pintcode_body                     intcode_body 000CB0
__psmallconst                       smallconst   000800
__ptext0                            text0        000AF0
__ptext1                            text1        001334
__ptext10                           text10       001208
__ptext11                           text11       001344
__ptext12                           text12       0012F4
__ptext13                           text13       001266
__ptext14                           text14       00128A
__ptext15                           text15       0012C6
__ptext16                           text16       000810
__ptext17                           text17       0011D0
__ptext18                           text18       0012A8
__ptext19                           text19       001084
__ptext2                            text2        00133C
__ptext20                           text20       0012DE
__ptext21                           text21       000F5C
__ptext23                           text23       0010EA
__ptext24                           text24       000E96
__ptext3                            text3        001000
__ptext4                            text4        001318
__ptext5                            text5        000DD0
__ptext6                            text6        001308
__ptext7                            text7        001326
__ptext8                            text8        00123E
__ptext9                            text9        001196
__ramtop                            ramtop       000800
__size_of_ISR                       (abs)        000000
__size_of_arr_to_num                (abs)        000000
__size_of_beep                      (abs)        000000
__size_of_beep_error                (abs)        000000
__size_of_beep_long                 (abs)        000000
__size_of_beep_ok                   (abs)        000000
__size_of_buttonPressedIndicator    (abs)        000000
__size_of_check_lock_num_validity   (abs)        000000
__size_of_clear_keyArray            (abs)        000000
__size_of_close_lock                (abs)        000000
__size_of_configure_door_timer      (abs)        000000
__size_of_eepromWriteCode           (abs)        000000
__size_of_getKey                    (abs)        000000
__size_of_initControllerIO          (abs)        000000
__size_of_initKeypad                (abs)        000000
__size_of_initStandbyTimer          (abs)        000000
__size_of_main                      (abs)        000000
__size_of_open_lock                 (abs)        000000
__size_of_passcodeCompare           (abs)        000000
__size_of_readEEPROM                (abs)        000000
__size_of_setup_timer0              (abs)        000000
__size_of_start_door_timer          (abs)        000000
__size_of_state_timer0              (abs)        000000
__size_of_writeEEPROM               (abs)        000000
__size_ofi2_beep_error              (abs)        000000
__smallconst                        smallconst   000800
_arr_to_num                         text21       000F5C
_beep                               text20       0012DE
_beep_error                         text19       001084
_beep_long                          text18       0012A8
_beep_ok                            text17       0011D0
_bufferPtr                          bssCOMRAM    00001B
_buttonPressedIndicator             text15       0012C6
_check_lock_num_validity            text14       00128A
_clear_keyArray                     text13       001266
_close_lock                         text24       000E96
_configure_door_timer               text11       001344
_currentTimerState                  bssCOMRAM    000017
_defaultPassCode                    smallconst   000801
_defaultPassCode2                   smallconst   00080A
_defaultPassCode2Lenght             smallconst   00080D
_defaultPassCodeLenght              smallconst   00080E
_eepromCode                         bssCOMRAM    000011
_eepromWriteCode                    text9        001196
_factoryResetCode                   dataCOMRAM   000041
_factoryResetCodeLenght             dataCOMRAM   000045
_getKey                             text16       000810
_initControllerIO                   text8        00123E
_initKeypad                         text7        001326
_initStandbyTimer                   text6        001308
_keyBuffer                          bssBANK0     000092
_keyPressCount                      bssCOMRAM    00001E
_main                               text0        000AF0
_num_of_doors_open                  bssCOMRAM    000015
_open_lock                          text5        000DD0
_open_lock_arr                      bssCOMRAM    000001
_passcodeCompare                    text3        001000
_readEEPROM                         text4        001318
_setup_timer0                       text12       0012F4
_soundOut                           bssBANK0     0000C4
_soundStuff                         bssCOMRAM    00000B
_start_door_timer                   text1        001334
_state_timer0                       text2        00133C
_systemStateReg                     bssCOMRAM    000020
_systemStateReg2                    bssCOMRAM    00001F
_tempCodeBuffer                     bssBANK0     000079
_tempCodeKeyPressCount              bssCOMRAM    000019
_timer1OVFcount                     bssCOMRAM    00001D
_timer2OVFcount                     bssCOMRAM    000013
_writeEEPROM                        text10       001208
_wrongCodeEnteredCount              bssCOMRAM    00001C
arr_to_num@a                        cstackCOMRAM 00003E
arr_to_num@arr                      cstackCOMRAM 000038
arr_to_num@num_of_elements          cstackCOMRAM 00003A
arr_to_num@number                   cstackCOMRAM 00003B
arr_to_num@validity                 cstackCOMRAM 00003F
btemp                               temp         000046
buttonPressedIndicator@keypad_state cstackCOMRAM 00003C
check_lock_num_validity@lock_num    cstackCOMRAM 000039
check_lock_num_validity@validity    cstackCOMRAM 000038
clear_keyArray@a                    cstackCOMRAM 00003A
clear_keyArray@arr                  cstackCOMRAM 000038
close_lock@lock_num                 cstackCOMRAM 000021
eepromWriteCode@codeBuffer          cstackCOMRAM 00003C
eepromWriteCode@codeLenght          cstackCOMRAM 00003B
eepromWriteCode@eepromWriteAddr     cstackCOMRAM 00003E
eepromWriteCode@i                   cstackCOMRAM 00003F
end_of_initialization               cinit        001188
getKey@KeypadStatus                 cstackCOMRAM 000038
getKey@buttonPressed                cstackCOMRAM 00003B
i2_beep_error                       text23       0010EA
int$flags                           temp         000046
int_func                            intcode_body 000CB0
intlevel0                           text         000000
intlevel1                           text         000000
intlevel2                           text         000000
intlevel3                           text         000000
main@addr                           cstackBANK0  0000DC
main@currentKeypadStatus            cstackBANK0  0000E0
main@currentSystemState             cstackBANK0  0000DD
main@i                              cstackBANK0  0000DB
main@keypressArray                  cstackBANK0  0000D1
main@locker_num                     cstackBANK0  0000DF
main@numOfKeysPressed               cstackBANK0  0000DE
open_lock@lock_num                  cstackCOMRAM 000038
passcodeCompare@compareAddr         cstackCOMRAM 00003C
passcodeCompare@compareLenght       cstackCOMRAM 00003B
passcodeCompare@i                   cstackCOMRAM 00003E
passcodeCompare@keybuffer1          cstackCOMRAM 000039
passcodeCompare@storedCodeLenght    cstackCOMRAM 00003D
passcodeCompare@validity            cstackCOMRAM 00003F
readEEPROM@address                  cstackCOMRAM 000038
stackhi                             (abs)        0007FF
stacklo                             (abs)        000400
start                               init         00000E
start_initialization                cinit        001150
state_timer0@state                  cstackCOMRAM 000038
writeEEPROM@address                 cstackCOMRAM 000039
writeEEPROM@datas                   cstackCOMRAM 000038
writeEEPROM@gie_Status              cstackCOMRAM 00003A
wtemp6                              temp         000047


FUNCTION INFORMATION:

 *************** function _main *****************
 Defined at:
		line 526 in file "main.c"
 Parameters:    Size  Location     Type
		None
 Auto vars:     Size  Location     Type
  i               1   17[BANK0 ] unsigned char 
  keypressArra   10    7[BANK0 ] unsigned char [10]
  currentKeypa    2   22[BANK0 ] struct .
  locker_num      1   21[BANK0 ] unsigned char 
  numOfKeysPre    1   20[BANK0 ] unsigned char 
  currentSyste    1   19[BANK0 ] enum E4106
  addr            1   18[BANK0 ] unsigned char 
 Return value:  Size  Location     Type
                  2  396[None  ] int 
 Registers used:
		wreg, fsr2l, fsr2h, status,2, status,0, prodl, prodh, cstack
 Tracked objects:
		On entry : 
		On exit  : 
		Unchanged: 
 Data sizes:     COMRAM   BANK0   BANK1   BANK2   BANK3   BANK4   BANK5   BANK6   BANK7
      Params:         0       0       0       0       0       0       0       0       0
      Locals:         0      17       0       0       0       0       0       0       0
      Temps:          1       0       0       0       0       0       0       0       0
      Totals:         1      17       0       0       0       0       0       0       0
Total ram usage:       18 bytes
 Hardware stack levels required when called:    4
 This function calls:
		_arr_to_num
		_beep
		_beep_error
		_beep_long
		_beep_ok
		_buttonPressedIndicator
		_check_lock_num_validity
		_clear_keyArray
		_configure_door_timer
		_eepromWriteCode
		_getKey
		_initControllerIO
		_initKeypad
		_initStandbyTimer
		_open_lock
		_passcodeCompare
		_start_door_timer
		_state_timer0
 This function is called by:
		Startup code after reset
 This function uses a non-reentrant model


 *************** function _start_door_timer *****************
 Defined at:
		line 334 in file "main.c"
 Parameters:    Size  Location     Type
		None
 Auto vars:     Size  Location     Type
		None
 Return value:  Size  Location     Type
                  1    wreg      void 
 Registers used:
		wreg, status,2, cstack
 Tracked objects:
		On entry : 
		On exit  : 
		Unchanged: 
 Data sizes:     COMRAM   BANK0   BANK1   BANK2   BANK3   BANK4   BANK5   BANK6   BANK7
      Params:         0       0       0       0       0       0       0       0       0
      Locals:         0       0       0       0       0       0       0       0       0
      Temps:          0       0       0       0       0       0       0       0       0
      Totals:         0       0       0       0       0       0       0       0       0
Total ram usage:        0 bytes
 Hardware stack levels used:    1
 Hardware stack levels required when called:    3
 This function calls:
		_state_timer0
 This function is called by:
		_main
 This function uses a non-reentrant model


 *************** function _state_timer0 *****************
 Defined at:
		line 23 in file "timer.c"
 Parameters:    Size  Location     Type
  state           1    wreg     unsigned char 
 Auto vars:     Size  Location     Type
  state           1   23[COMRAM] unsigned char 
 Return value:  Size  Location     Type
                  1    wreg      void 
 Registers used:
		wreg, status,2
 Tracked objects:
		On entry : 
		On exit  : 
		Unchanged: 
 Data sizes:     COMRAM   BANK0   BANK1   BANK2   BANK3   BANK4   BANK5   BANK6   BANK7
      Params:         0       0       0       0       0       0       0       0       0
      Locals:         1       0       0       0       0       0       0       0       0
      Temps:          0       0       0       0       0       0       0       0       0
      Totals:         1       0       0       0       0       0       0       0       0
Total ram usage:        1 bytes
 Hardware stack levels used:    1
 Hardware stack levels required when called:    2
 This function calls:
		Nothing
 This function is called by:
		_start_door_timer
		_main
		_stop_door_timer
 This function uses a non-reentrant model


 *************** function _passcodeCompare *****************
 Defined at:
		line 887 in file "main.c"
 Parameters:    Size  Location     Type
  keybuffer1      2   24[COMRAM] PTR unsigned char 
		 -> main@keypressArray(10), 
  compareLengh    1   26[COMRAM] unsigned char 
  compareAddr     1   27[COMRAM] unsigned char 
 Auto vars:     Size  Location     Type
  i               1   29[COMRAM] unsigned char 
  validity        1   30[COMRAM] unsigned char 
  storedCodeLe    1   28[COMRAM] unsigned char 
 Return value:  Size  Location     Type
                  1    wreg      unsigned char 
 Registers used:
		wreg, fsr2l, fsr2h, status,2, status,0, cstack
 Tracked objects:
		On entry : 
		On exit  : 
		Unchanged: 
 Data sizes:     COMRAM   BANK0   BANK1   BANK2   BANK3   BANK4   BANK5   BANK6   BANK7
      Params:         4       0       0       0       0       0       0       0       0
      Locals:         3       0       0       0       0       0       0       0       0
      Temps:          0       7       0       0       0       0       0       0       0
      Totals:         7       7       0       0       0       0       0       0       0
Total ram usage:       14 bytes
 Hardware stack levels used:    1
 Hardware stack levels required when called:    3
 This function calls:
		_readEEPROM
 This function is called by:
		_main
 This function uses a non-reentrant model


 *************** function _readEEPROM *****************
 Defined at:
		line 37 in file "eeprom_functions.c"
 Parameters:    Size  Location     Type
  address         1    wreg     unsigned char 
 Auto vars:     Size  Location     Type
  address         1   23[COMRAM] unsigned char 
 Return value:  Size  Location     Type
                  1    wreg      unsigned char 
 Registers used:
		wreg, status,2
 Tracked objects:
		On entry : 
		On exit  : 
		Unchanged: 
 Data sizes:     COMRAM   BANK0   BANK1   BANK2   BANK3   BANK4   BANK5   BANK6   BANK7
      Params:         0       0       0       0       0       0       0       0       0
      Locals:         1       0       0       0       0       0       0       0       0
      Temps:          0       0       0       0       0       0       0       0       0
      Totals:         1       0       0       0       0       0       0       0       0
Total ram usage:        1 bytes
 Hardware stack levels used:    1
 Hardware stack levels required when called:    2
 This function calls:
		Nothing
 This function is called by:
		_passcodeCompare
		_check_password_presence
 This function uses a non-reentrant model


 *************** function _open_lock *****************
 Defined at:
		line 388 in file "main.c"
 Parameters:    Size  Location     Type
  lock_num        1    wreg     unsigned char 
 Auto vars:     Size  Location     Type
  lock_num        1   23[COMRAM] unsigned char 
 Return value:  Size  Location     Type
                  1    wreg      void 
 Registers used:
		wreg, status,2, status,0
 Tracked objects:
		On entry : 
		On exit  : 
		Unchanged: 
 Data sizes:     COMRAM   BANK0   BANK1   BANK2   BANK3   BANK4   BANK5   BANK6   BANK7
      Params:         0       0       0       0       0       0       0       0       0
      Locals:         1       0       0       0       0       0       0       0       0
      Temps:          0       0       0       0       0       0       0       0       0
      Totals:         1       0       0       0       0       0       0       0       0
Total ram usage:        1 bytes
 Hardware stack levels used:    1
 Hardware stack levels required when called:    2
 This function calls:
		Nothing
 This function is called by:
		_main
 This function uses a non-reentrant model


 *************** function _initStandbyTimer *****************
 Defined at:
		line 114 in file "timer.c"
 Parameters:    Size  Location     Type
		None
 Auto vars:     Size  Location     Type
		None
 Return value:  Size  Location     Type
                  1    wreg      void 
 Registers used:
		wreg, status,2
 Tracked objects:
		On entry : 
		On exit  : 
		Unchanged: 
 Data sizes:     COMRAM   BANK0   BANK1   BANK2   BANK3   BANK4   BANK5   BANK6   BANK7
      Params:         0       0       0       0       0       0       0       0       0
      Locals:         0       0       0       0       0       0       0       0       0
      Temps:          0       0       0       0       0       0       0       0       0
      Totals:         0       0       0       0       0       0       0       0       0
Total ram usage:        0 bytes
 Hardware stack levels used:    1
 Hardware stack levels required when called:    2
 This function calls:
		Nothing
 This function is called by:
		_main
 This function uses a non-reentrant model


 *************** function _initKeypad *****************
 Defined at:
		line 14 in file "Keypad4X4.c"
 Parameters:    Size  Location     Type
		None
 Auto vars:     Size  Location     Type
		None
 Return value:  Size  Location     Type
                  1    wreg      void 
 Registers used:
		wreg, status,2
 Tracked objects:
		On entry : 
		On exit  : 
		Unchanged: 
 Data sizes:     COMRAM   BANK0   BANK1   BANK2   BANK3   BANK4   BANK5   BANK6   BANK7
      Params:         0       0       0       0       0       0       0       0       0
      Locals:         0       0       0       0       0       0       0       0       0
      Temps:          0       0       0       0       0       0       0       0       0
      Totals:         0       0       0       0       0       0       0       0       0
Total ram usage:        0 bytes
 Hardware stack levels used:    1
 Hardware stack levels required when called:    2
 This function calls:
		Nothing
 This function is called by:
		_main
 This function uses a non-reentrant model


 *************** function _initControllerIO *****************
 Defined at:
		line 272 in file "main.c"
 Parameters:    Size  Location     Type
		None
 Auto vars:     Size  Location     Type
		None
 Return value:  Size  Location     Type
                  1    wreg      void 
 Registers used:
		wreg, status,2
 Tracked objects:
		On entry : 
		On exit  : 
		Unchanged: 
 Data sizes:     COMRAM   BANK0   BANK1   BANK2   BANK3   BANK4   BANK5   BANK6   BANK7
      Params:         0       0       0       0       0       0       0       0       0
      Locals:         0       0       0       0       0       0       0       0       0
      Temps:          0       0       0       0       0       0       0       0       0
      Totals:         0       0       0       0       0       0       0       0       0
Total ram usage:        0 bytes
 Hardware stack levels used:    1
 Hardware stack levels required when called:    2
 This function calls:
		Nothing
 This function is called by:
		_main
 This function uses a non-reentrant model


 *************** function _eepromWriteCode *****************
 Defined at:
		line 8 in file "eeprom_functions.c"
 Parameters:    Size  Location     Type
  eepromWriteA    1    wreg     unsigned char 
  codeLenght      1   26[COMRAM] unsigned char 
  codeBuffer      2   27[COMRAM] PTR unsigned char 
		 -> main@keypressArray(10), 
 Auto vars:     Size  Location     Type
  eepromWriteA    1   29[COMRAM] unsigned char 
  i               1   30[COMRAM] unsigned char 
 Return value:  Size  Location     Type
                  1    wreg      void 
 Registers used:
		wreg, fsr2l, fsr2h, status,2, status,0, prodl, prodh, cstack
 Tracked objects:
		On entry : 
		On exit  : 
		Unchanged: 
 Data sizes:     COMRAM   BANK0   BANK1   BANK2   BANK3   BANK4   BANK5   BANK6   BANK7
      Params:         3       0       0       0       0       0       0       0       0
      Locals:         2       0       0       0       0       0       0       0       0
      Temps:          0       0       0       0       0       0       0       0       0
      Totals:         5       0       0       0       0       0       0       0       0
Total ram usage:        5 bytes
 Hardware stack levels used:    1
 Hardware stack levels required when called:    3
 This function calls:
		_writeEEPROM
 This function is called by:
		_main
 This function uses a non-reentrant model


 *************** function _writeEEPROM *****************
 Defined at:
		line 18 in file "eeprom_functions.c"
 Parameters:    Size  Location     Type
  address         1    wreg     unsigned char 
  datas           1   23[COMRAM] unsigned char 
 Auto vars:     Size  Location     Type
  address         1   24[COMRAM] unsigned char 
  gie_Status      1   25[COMRAM] unsigned char 
 Return value:  Size  Location     Type
                  1    wreg      void 
 Registers used:
		wreg, status,2
 Tracked objects:
		On entry : 
		On exit  : 
		Unchanged: 
 Data sizes:     COMRAM   BANK0   BANK1   BANK2   BANK3   BANK4   BANK5   BANK6   BANK7
      Params:         1       0       0       0       0       0       0       0       0
      Locals:         2       0       0       0       0       0       0       0       0
      Temps:          0       0       0       0       0       0       0       0       0
      Totals:         3       0       0       0       0       0       0       0       0
Total ram usage:        3 bytes
 Hardware stack levels used:    1
 Hardware stack levels required when called:    2
 This function calls:
		Nothing
 This function is called by:
		_eepromWriteCode
 This function uses a non-reentrant model


 *************** function _configure_door_timer *****************
 Defined at:
		line 329 in file "main.c"
 Parameters:    Size  Location     Type
		None
 Auto vars:     Size  Location     Type
		None
 Return value:  Size  Location     Type
                  1    wreg      void 
 Registers used:
		wreg, status,2, cstack
 Tracked objects:
		On entry : 
		On exit  : 
		Unchanged: 
 Data sizes:     COMRAM   BANK0   BANK1   BANK2   BANK3   BANK4   BANK5   BANK6   BANK7
      Params:         0       0       0       0       0       0       0       0       0
      Locals:         0       0       0       0       0       0       0       0       0
      Temps:          0       0       0       0       0       0       0       0       0
      Totals:         0       0       0       0       0       0       0       0       0
Total ram usage:        0 bytes
 Hardware stack levels used:    1
 Hardware stack levels required when called:    3
 This function calls:
		_setup_timer0
 This function is called by:
		_main
 This function uses a non-reentrant model


 *************** function _setup_timer0 *****************
 Defined at:
		line 13 in file "timer.c"
 Parameters:    Size  Location     Type
		None
 Auto vars:     Size  Location     Type
		None
 Return value:  Size  Location     Type
                  1    wreg      void 
 Registers used:
		wreg, status,2
 Tracked objects:
		On entry : 
		On exit  : 
		Unchanged: 
 Data sizes:     COMRAM   BANK0   BANK1   BANK2   BANK3   BANK4   BANK5   BANK6   BANK7
      Params:         0       0       0       0       0       0       0       0       0
      Locals:         0       0       0       0       0       0       0       0       0
      Temps:          0       0       0       0       0       0       0       0       0
      Totals:         0       0       0       0       0       0       0       0       0
Total ram usage:        0 bytes
 Hardware stack levels used:    1
 Hardware stack levels required when called:    2
 This function calls:
		Nothing
 This function is called by:
		_configure_door_timer
 This function uses a non-reentrant model


 *************** function _clear_keyArray *****************
 Defined at:
		line 382 in file "main.c"
 Parameters:    Size  Location     Type
  arr             2   23[COMRAM] PTR unsigned char 
		 -> main@keypressArray(10), 
 Auto vars:     Size  Location     Type
  a               1   25[COMRAM] unsigned char 
 Return value:  Size  Location     Type
                  1    wreg      void 
 Registers used:
		wreg, fsr2l, fsr2h, status,2, status,0, prodl, prodh
 Tracked objects:
		On entry : 
		On exit  : 
		Unchanged: 
 Data sizes:     COMRAM   BANK0   BANK1   BANK2   BANK3   BANK4   BANK5   BANK6   BANK7
      Params:         2       0       0       0       0       0       0       0       0
      Locals:         1       0       0       0       0       0       0       0       0
      Temps:          0       0       0       0       0       0       0       0       0
      Totals:         3       0       0       0       0       0       0       0       0
Total ram usage:        3 bytes
 Hardware stack levels used:    1
 Hardware stack levels required when called:    2
 This function calls:
		Nothing
 This function is called by:
		_main
 This function uses a non-reentrant model


 *************** function _check_lock_num_validity *****************
 Defined at:
		line 129 in file "main.c"
 Parameters:    Size  Location     Type
  lock_num        1    wreg     unsigned char 
 Auto vars:     Size  Location     Type
  lock_num        1   24[COMRAM] unsigned char 
  validity        1   23[COMRAM] unsigned char 
 Return value:  Size  Location     Type
                  1    wreg      unsigned char 
 Registers used:
		wreg, status,2, status,0
 Tracked objects:
		On entry : 
		On exit  : 
		Unchanged: 
 Data sizes:     COMRAM   BANK0   BANK1   BANK2   BANK3   BANK4   BANK5   BANK6   BANK7
      Params:         0       0       0       0       0       0       0       0       0
      Locals:         2       0       0       0       0       0       0       0       0
      Temps:          0       0       0       0       0       0       0       0       0
      Totals:         2       0       0       0       0       0       0       0       0
Total ram usage:        2 bytes
 Hardware stack levels used:    1
 Hardware stack levels required when called:    2
 This function calls:
		Nothing
 This function is called by:
		_main
 This function uses a non-reentrant model


 *************** function _buttonPressedIndicator *****************
 Defined at:
		line 200 in file "Keypad4X4.c"
 Parameters:    Size  Location     Type
		None
 Auto vars:     Size  Location     Type
  keypad_state    2   27[COMRAM] struct .
 Return value:  Size  Location     Type
                  1    wreg      unsigned char 
 Registers used:
		wreg, fsr2l, fsr2h, status,2, status,0, cstack
 Tracked objects:
		On entry : 
		On exit  : 
		Unchanged: 
 Data sizes:     COMRAM   BANK0   BANK1   BANK2   BANK3   BANK4   BANK5   BANK6   BANK7
      Params:         0       0       0       0       0       0       0       0       0
      Locals:         2       0       0       0       0       0       0       0       0
      Temps:          0       0       0       0       0       0       0       0       0
      Totals:         2       0       0       0       0       0       0       0       0
Total ram usage:        2 bytes
 Hardware stack levels used:    1
 Hardware stack levels required when called:    3
 This function calls:
		_getKey
 This function is called by:
		_main
 This function uses a non-reentrant model


 *************** function _getKey *****************
 Defined at:
		line 28 in file "Keypad4X4.c"
 Parameters:    Size  Location     Type
  KeypadStatus    2   23[COMRAM] PTR struct .
		 -> main@currentKeypadStatus(2), buttonPressedIndicator@keypad_state(2), 
 Auto vars:     Size  Location     Type
  buttonPresse    1   26[COMRAM] enum E3790
 Return value:  Size  Location     Type
                  1    wreg      void 
 Registers used:
		wreg, fsr2l, fsr2h, status,2, status,0
 Tracked objects:
		On entry : 
		On exit  : 
		Unchanged: 
 Data sizes:     COMRAM   BANK0   BANK1   BANK2   BANK3   BANK4   BANK5   BANK6   BANK7
      Params:         2       0       0       0       0       0       0       0       0
      Locals:         1       0       0       0       0       0       0       0       0
      Temps:          1       0       0       0       0       0       0       0       0
      Totals:         4       0       0       0       0       0       0       0       0
Total ram usage:        4 bytes
 Hardware stack levels used:    1
 Hardware stack levels required when called:    2
 This function calls:
		Nothing
 This function is called by:
		_buttonPressedIndicator
		_main
 This function uses a non-reentrant model


 *************** function _beep_ok *****************
 Defined at:
		line 303 in file "main.c"
 Parameters:    Size  Location     Type
		None
 Auto vars:     Size  Location     Type
		None
 Return value:  Size  Location     Type
                  1    wreg      void 
 Registers used:
		wreg
 Tracked objects:
		On entry : 
		On exit  : 
		Unchanged: 
 Data sizes:     COMRAM   BANK0   BANK1   BANK2   BANK3   BANK4   BANK5   BANK6   BANK7
      Params:         0       0       0       0       0       0       0       0       0
      Locals:         0       0       0       0       0       0       0       0       0
      Temps:          1       0       0       0       0       0       0       0       0
      Totals:         1       0       0       0       0       0       0       0       0
Total ram usage:        1 bytes
 Hardware stack levels used:    1
 Hardware stack levels required when called:    2
 This function calls:
		Nothing
 This function is called by:
		_main
 This function uses a non-reentrant model


 *************** function _beep_long *****************
 Defined at:
		line 296 in file "main.c"
 Parameters:    Size  Location     Type
		None
 Auto vars:     Size  Location     Type
		None
 Return value:  Size  Location     Type
                  1    wreg      void 
 Registers used:
		wreg
 Tracked objects:
		On entry : 
		On exit  : 
		Unchanged: 
 Data sizes:     COMRAM   BANK0   BANK1   BANK2   BANK3   BANK4   BANK5   BANK6   BANK7
      Params:         0       0       0       0       0       0       0       0       0
      Locals:         0       0       0       0       0       0       0       0       0
      Temps:          2       0       0       0       0       0       0       0       0
      Totals:         2       0       0       0       0       0       0       0       0
Total ram usage:        2 bytes
 Hardware stack levels used:    1
 Hardware stack levels required when called:    2
 This function calls:
		Nothing
 This function is called by:
		_main
 This function uses a non-reentrant model


 *************** function _beep_error *****************
 Defined at:
		line 314 in file "main.c"
 Parameters:    Size  Location     Type
		None
 Auto vars:     Size  Location     Type
		None
 Return value:  Size  Location     Type
                  1    wreg      void 
 Registers used:
		wreg
 Tracked objects:
		On entry : 
		On exit  : 
		Unchanged: 
 Data sizes:     COMRAM   BANK0   BANK1   BANK2   BANK3   BANK4   BANK5   BANK6   BANK7
      Params:         0       0       0       0       0       0       0       0       0
      Locals:         0       0       0       0       0       0       0       0       0
      Temps:          2       0       0       0       0       0       0       0       0
      Totals:         2       0       0       0       0       0       0       0       0
Total ram usage:        2 bytes
 Hardware stack levels used:    1
 Hardware stack levels required when called:    2
 This function calls:
		Nothing
 This function is called by:
		_main
 This function uses a non-reentrant model


 *************** function _beep *****************
 Defined at:
		line 289 in file "main.c"
 Parameters:    Size  Location     Type
		None
 Auto vars:     Size  Location     Type
		None
 Return value:  Size  Location     Type
                  1    wreg      void 
 Registers used:
		wreg
 Tracked objects:
		On entry : 
		On exit  : 
		Unchanged: 
 Data sizes:     COMRAM   BANK0   BANK1   BANK2   BANK3   BANK4   BANK5   BANK6   BANK7
      Params:         0       0       0       0       0       0       0       0       0
      Locals:         0       0       0       0       0       0       0       0       0
      Temps:          1       0       0       0       0       0       0       0       0
      Totals:         1       0       0       0       0       0       0       0       0
Total ram usage:        1 bytes
 Hardware stack levels used:    1
 Hardware stack levels required when called:    2
 This function calls:
		Nothing
 This function is called by:
		_main
 This function uses a non-reentrant model


 *************** function _arr_to_num *****************
 Defined at:
		line 110 in file "main.c"
 Parameters:    Size  Location     Type
  arr             2   23[COMRAM] PTR unsigned char 
		 -> main@keypressArray(10), 
  num_of_eleme    1   25[COMRAM] unsigned char 
  number          2   26[COMRAM] PTR unsigned char 
		 -> main@locker_num(1), 
 Auto vars:     Size  Location     Type
  a               1   29[COMRAM] unsigned char 
  validity        1   30[COMRAM] unsigned char 
 Return value:  Size  Location     Type
                  1    wreg      unsigned char 
 Registers used:
		wreg, fsr2l, fsr2h, status,2, status,0, prodl, prodh
 Tracked objects:
		On entry : 
		On exit  : 
		Unchanged: 
 Data sizes:     COMRAM   BANK0   BANK1   BANK2   BANK3   BANK4   BANK5   BANK6   BANK7
      Params:         5       0       0       0       0       0       0       0       0
      Locals:         2       0       0       0       0       0       0       0       0
      Temps:          1       0       0       0       0       0       0       0       0
      Totals:         8       0       0       0       0       0       0       0       0
Total ram usage:        8 bytes
 Hardware stack levels used:    1
 Hardware stack levels required when called:    2
 This function calls:
		Nothing
 This function is called by:
		_main
 This function uses a non-reentrant model


 *************** function _ISR *****************
 Defined at:
		line 151 in file "main.c"
 Parameters:    Size  Location     Type
		None
 Auto vars:     Size  Location     Type
  i               1   22[COMRAM] unsigned char 
 Return value:  Size  Location     Type
                  1    wreg      void 
 Registers used:
		wreg, fsr1l, fsr1h, fsr2l, fsr2h, status,2, status,0, prodl, prodh, cstack
 Tracked objects:
		On entry : 
		On exit  : 
		Unchanged: 
 Data sizes:     COMRAM   BANK0   BANK1   BANK2   BANK3   BANK4   BANK5   BANK6   BANK7
      Params:         0       0       0       0       0       0       0       0       0
      Locals:         1       0       0       0       0       0       0       0       0
      Temps:         20       0       0       0       0       0       0       0       0
      Totals:        21       0       0       0       0       0       0       0       0
Total ram usage:       21 bytes
 Hardware stack levels used:    1
 Hardware stack levels required when called:    1
 This function calls:
		_close_lock
		i2_beep_error
 This function is called by:
		Interrupt level 2
 This function uses a non-reentrant model


 *************** function i2_beep_error *****************
 Defined at:
		line 314 in file "main.c"
 Parameters:    Size  Location     Type
		None
 Auto vars:     Size  Location     Type
		None
 Return value:  Size  Location     Type
                  1    wreg      void 
 Registers used:
		wreg
 Tracked objects:
		On entry : 
		On exit  : 
		Unchanged: 
 Data sizes:     COMRAM   BANK0   BANK1   BANK2   BANK3   BANK4   BANK5   BANK6   BANK7
      Params:         0       0       0       0       0       0       0       0       0
      Locals:         0       0       0       0       0       0       0       0       0
      Temps:          2       0       0       0       0       0       0       0       0
      Totals:         2       0       0       0       0       0       0       0       0
Total ram usage:        2 bytes
 Hardware stack levels used:    1
 This function calls:
		Nothing
 This function is called by:
		_ISR
 This function uses a non-reentrant model


 *************** function _close_lock *****************
 Defined at:
		line 457 in file "main.c"
 Parameters:    Size  Location     Type
  lock_num        1    wreg     unsigned char 
 Auto vars:     Size  Location     Type
  lock_num        1    0[COMRAM] unsigned char 
 Return value:  Size  Location     Type
                  1    wreg      void 
 Registers used:
		wreg, status,2, status,0
 Tracked objects:
		On entry : 
		On exit  : 
		Unchanged: 
 Data sizes:     COMRAM   BANK0   BANK1   BANK2   BANK3   BANK4   BANK5   BANK6   BANK7
      Params:         0       0       0       0       0       0       0       0       0
      Locals:         1       0       0       0       0       0       0       0       0
      Temps:          0       0       0       0       0       0       0       0       0
      Totals:         1       0       0       0       0       0       0       0       0
Total ram usage:        1 bytes
 Hardware stack levels used:    1
 This function calls:
		Nothing
 This function is called by:
		_ISR
 This function uses a non-reentrant model



MODULE INFORMATION

Module		Function		Class		Link	Load	Size
timer.c
		_initStandbyTimer		CODE           	1308	0000	17
		_setup_timer0  		CODE           	12F4	0000	21
		_state_timer0  		CODE           	133C	0000	9

timer.c estimated size: 47

Keypad4X4.c
		_buttonPressedIndicator		CODE           	12C6	0000	25
		_getKey        		CODE           	0810	0000	737
		_initKeypad    		CODE           	1326	0000	15

Keypad4X4.c estimated size: 777

shared
		_defaultPassCode2Lenght		SMALLCONST     	080D	0000	2
		__initialization		CODE           	1150	0000	57
		_defaultPassCode		SMALLCONST     	0801	0000	10
		_defaultPassCodeLenght		SMALLCONST     	080E	0000	2
		_defaultPassCode2		SMALLCONST     	080A	0000	4
		i2_beep_error  		CODE           	10EA	0000	103

shared estimated size: 178

eeprom_functions.c
		_readEEPROM    		CODE           	1318	0000	15
		_writeEEPROM   		CODE           	1208	0000	55
		_eepromWriteCode		CODE           	1196	0000	59

eeprom_functions.c estimated size: 129

main.c
		_beep_long     		CODE           	12A8	0000	31
		_arr_to_num    		CODE           	0F5C	0000	165
		_ISR           		CODE           	0008	0000	295
		_beep          		CODE           	12DE	0000	23
		_main          		CODE           	0AF0	0000	449
		_open_lock     		CODE           	0DD0	0000	199
		_clear_keyArray		CODE           	1266	0000	37
		_initControllerIO		CODE           	123E	0000	41
		_start_door_timer		CODE           	1334	0000	9
		_beep_ok       		CODE           	11D0	0000	57
		_check_lock_num_validity		CODE           	128A	0000	31
		_close_lock    		CODE           	0E96	0000	199
		_passcodeCompare		CODE           	1000	0000	133
		_beep_error    		CODE           	1084	0000	103
		_configure_door_timer		CODE           	1344	0000	7

main.c estimated size: 1779

